Archive member included to satisfy reference by file (symbol)

/opt/st/stm32cubeide_1.8.0/plugins/com.st.stm32cube.ide.mcu.externaltools.gnu-tools-for-stm32.9-2020-q2-update.linux64_2.0.0.202105311346/tools/bin/../lib/gcc/arm-none-eabi/9.3.1/../../../../arm-none-eabi/lib/thumb/v6-m/nofp/libc_nano.a(lib_a-errno.o)
                              ./Src/syscalls.o (__errno)
/opt/st/stm32cubeide_1.8.0/plugins/com.st.stm32cube.ide.mcu.externaltools.gnu-tools-for-stm32.9-2020-q2-update.linux64_2.0.0.202105311346/tools/bin/../lib/gcc/arm-none-eabi/9.3.1/../../../../arm-none-eabi/lib/thumb/v6-m/nofp/libc_nano.a(lib_a-exit.o)
                              /opt/st/stm32cubeide_1.8.0/plugins/com.st.stm32cube.ide.mcu.externaltools.gnu-tools-for-stm32.9-2020-q2-update.linux64_2.0.0.202105311346/tools/bin/../lib/gcc/arm-none-eabi/9.3.1/../../../../arm-none-eabi/lib/thumb/v6-m/nofp/crt0.o (exit)
/opt/st/stm32cubeide_1.8.0/plugins/com.st.stm32cube.ide.mcu.externaltools.gnu-tools-for-stm32.9-2020-q2-update.linux64_2.0.0.202105311346/tools/bin/../lib/gcc/arm-none-eabi/9.3.1/../../../../arm-none-eabi/lib/thumb/v6-m/nofp/libc_nano.a(lib_a-impure.o)
                              /opt/st/stm32cubeide_1.8.0/plugins/com.st.stm32cube.ide.mcu.externaltools.gnu-tools-for-stm32.9-2020-q2-update.linux64_2.0.0.202105311346/tools/bin/../lib/gcc/arm-none-eabi/9.3.1/../../../../arm-none-eabi/lib/thumb/v6-m/nofp/libc_nano.a(lib_a-exit.o) (_global_impure_ptr)
/opt/st/stm32cubeide_1.8.0/plugins/com.st.stm32cube.ide.mcu.externaltools.gnu-tools-for-stm32.9-2020-q2-update.linux64_2.0.0.202105311346/tools/bin/../lib/gcc/arm-none-eabi/9.3.1/../../../../arm-none-eabi/lib/thumb/v6-m/nofp/libc_nano.a(lib_a-init.o)
                              /opt/st/stm32cubeide_1.8.0/plugins/com.st.stm32cube.ide.mcu.externaltools.gnu-tools-for-stm32.9-2020-q2-update.linux64_2.0.0.202105311346/tools/bin/../lib/gcc/arm-none-eabi/9.3.1/../../../../arm-none-eabi/lib/thumb/v6-m/nofp/crt0.o (__libc_init_array)
/opt/st/stm32cubeide_1.8.0/plugins/com.st.stm32cube.ide.mcu.externaltools.gnu-tools-for-stm32.9-2020-q2-update.linux64_2.0.0.202105311346/tools/bin/../lib/gcc/arm-none-eabi/9.3.1/../../../../arm-none-eabi/lib/thumb/v6-m/nofp/libc_nano.a(lib_a-itoa.o)
                              ./Src/7seg.o (itoa)
/opt/st/stm32cubeide_1.8.0/plugins/com.st.stm32cube.ide.mcu.externaltools.gnu-tools-for-stm32.9-2020-q2-update.linux64_2.0.0.202105311346/tools/bin/../lib/gcc/arm-none-eabi/9.3.1/../../../../arm-none-eabi/lib/thumb/v6-m/nofp/libc_nano.a(lib_a-memcpy-stub.o)
                              ./Src/7seg.o (memcpy)
/opt/st/stm32cubeide_1.8.0/plugins/com.st.stm32cube.ide.mcu.externaltools.gnu-tools-for-stm32.9-2020-q2-update.linux64_2.0.0.202105311346/tools/bin/../lib/gcc/arm-none-eabi/9.3.1/../../../../arm-none-eabi/lib/thumb/v6-m/nofp/libc_nano.a(lib_a-memset.o)
                              /opt/st/stm32cubeide_1.8.0/plugins/com.st.stm32cube.ide.mcu.externaltools.gnu-tools-for-stm32.9-2020-q2-update.linux64_2.0.0.202105311346/tools/bin/../lib/gcc/arm-none-eabi/9.3.1/../../../../arm-none-eabi/lib/thumb/v6-m/nofp/crt0.o (memset)
/opt/st/stm32cubeide_1.8.0/plugins/com.st.stm32cube.ide.mcu.externaltools.gnu-tools-for-stm32.9-2020-q2-update.linux64_2.0.0.202105311346/tools/bin/../lib/gcc/arm-none-eabi/9.3.1/../../../../arm-none-eabi/lib/thumb/v6-m/nofp/libc_nano.a(lib_a-sprintf.o)
                              ./Src/interface.o (sprintf)
/opt/st/stm32cubeide_1.8.0/plugins/com.st.stm32cube.ide.mcu.externaltools.gnu-tools-for-stm32.9-2020-q2-update.linux64_2.0.0.202105311346/tools/bin/../lib/gcc/arm-none-eabi/9.3.1/../../../../arm-none-eabi/lib/thumb/v6-m/nofp/libc_nano.a(lib_a-utoa.o)
                              /opt/st/stm32cubeide_1.8.0/plugins/com.st.stm32cube.ide.mcu.externaltools.gnu-tools-for-stm32.9-2020-q2-update.linux64_2.0.0.202105311346/tools/bin/../lib/gcc/arm-none-eabi/9.3.1/../../../../arm-none-eabi/lib/thumb/v6-m/nofp/libc_nano.a(lib_a-itoa.o) (__utoa)
/opt/st/stm32cubeide_1.8.0/plugins/com.st.stm32cube.ide.mcu.externaltools.gnu-tools-for-stm32.9-2020-q2-update.linux64_2.0.0.202105311346/tools/bin/../lib/gcc/arm-none-eabi/9.3.1/../../../../arm-none-eabi/lib/thumb/v6-m/nofp/libc_nano.a(lib_a-nano-svfprintf.o)
                              /opt/st/stm32cubeide_1.8.0/plugins/com.st.stm32cube.ide.mcu.externaltools.gnu-tools-for-stm32.9-2020-q2-update.linux64_2.0.0.202105311346/tools/bin/../lib/gcc/arm-none-eabi/9.3.1/../../../../arm-none-eabi/lib/thumb/v6-m/nofp/libc_nano.a(lib_a-sprintf.o) (_svfprintf_r)
/opt/st/stm32cubeide_1.8.0/plugins/com.st.stm32cube.ide.mcu.externaltools.gnu-tools-for-stm32.9-2020-q2-update.linux64_2.0.0.202105311346/tools/bin/../lib/gcc/arm-none-eabi/9.3.1/../../../../arm-none-eabi/lib/thumb/v6-m/nofp/libc_nano.a(lib_a-nano-vfprintf_i.o)
[...]
Memory Configuration

Name             Origin             Length             Attributes
RAM              0x0000000020000000 0x0000000000009000 xrw
FLASH            0x0000000008000000 0x0000000000020000 xr
*default*        0x0000000000000000 0xffffffffffffffff

Linker script and memory map

LOAD /opt/st/stm32cubeide_1.8.0/plugins/com.st.stm32cube.ide.mcu.externaltools.gnu-tools-for-stm32.9-2020-q2-update.linux64_2.0.0.202105311346/tools/bin/../lib/gcc/arm-none-eabi/9.3.1/thumb/v6-m/nofp/crti.o
LOAD /opt/st/stm32cubeide_1.8.0/plugins/com.st.stm32cube.ide.mcu.externaltools.gnu-tools-for-stm32.9-2020-q2-update.linux64_2.0.0.202105311346/tools/bin/../lib/gcc/arm-none-eabi/9.3.1/thumb/v6-m/nofp/crtbegin.o
LOAD /opt/st/stm32cubeide_1.8.0/plugins/com.st.stm32cube.ide.mcu.externaltools.gnu-tools-for-stm32.9-2020-q2-update.linux64_2.0.0.202105311346/tools/bin/../lib/gcc/arm-none-eabi/9.3.1/../../../../arm-none-eabi/lib/thumb/v6-m/nofp/crt0.o
LOAD ./Drivers/STM32G0xx_HAL_Driver/Src/stm32g0xx_hal.o
LOAD ./Drivers/STM32G0xx_HAL_Driver/Src/stm32g0xx_hal_adc.o
LOAD ./Drivers/STM32G0xx_HAL_Driver/Src/stm32g0xx_hal_adc_ex.o
LOAD ./Drivers/STM32G0xx_HAL_Driver/Src/stm32g0xx_hal_cortex.o
LOAD ./Drivers/STM32G0xx_HAL_Driver/Src/stm32g0xx_hal_dma.o
LOAD ./Drivers/STM32G0xx_HAL_Driver/Src/stm32g0xx_hal_dma_ex.o
LOAD ./Drivers/STM32G0xx_HAL_Driver/Src/stm32g0xx_hal_exti.o
LOAD ./Drivers/STM32G0xx_HAL_Driver/Src/stm32g0xx_hal_flash.o
LOAD ./Drivers/STM32G0xx_HAL_Driver/Src/stm32g0xx_hal_flash_ex.o
LOAD ./Drivers/STM32G0xx_HAL_Driver/Src/stm32g0xx_hal_gpio.o
LOAD ./Drivers/STM32G0xx_HAL_Driver/Src/stm32g0xx_hal_i2c.o
LOAD ./Drivers/STM32G0xx_HAL_Driver/Src/stm32g0xx_hal_i2c_ex.o
LOAD ./Drivers/STM32G0xx_HAL_Driver/Src/stm32g0xx_hal_pwr.o
LOAD ./Drivers/STM32G0xx_HAL_Driver/Src/stm32g0xx_hal_pwr_ex.o
LOAD ./Drivers/STM32G0xx_HAL_Driver/Src/stm32g0xx_hal_rcc.o
LOAD ./Drivers/STM32G0xx_HAL_Driver/Src/stm32g0xx_hal_rcc_ex.o
LOAD ./Drivers/STM32G0xx_HAL_Driver/Src/stm32g0xx_hal_rtc.o
LOAD ./Drivers/STM32G0xx_HAL_Driver/Src/stm32g0xx_hal_rtc_ex.o
LOAD ./Drivers/STM32G0xx_HAL_Driver/Src/stm32g0xx_hal_tim.o
LOAD ./Drivers/STM32G0xx_HAL_Driver/Src/stm32g0xx_hal_tim_ex.o
LOAD ./Drivers/STM32G0xx_HAL_Driver/Src/stm32g0xx_hal_uart.o
LOAD ./Drivers/STM32G0xx_HAL_Driver/Src/stm32g0xx_hal_uart_ex.o
LOAD ./Drivers/STM32G0xx_HAL_Driver/Src/stm32g0xx_ll_adc.o
LOAD ./Drivers/STM32G0xx_HAL_Driver/Src/stm32g0xx_ll_crc.o
LOAD ./Drivers/STM32G0xx_HAL_Driver/Src/stm32g0xx_ll_dma.o
LOAD ./Drivers/STM32G0xx_HAL_Driver/Src/stm32g0xx_ll_exti.o
LOAD ./Drivers/STM32G0xx_HAL_Driver/Src/stm32g0xx_ll_gpio.o
LOAD ./Drivers/STM32G0xx_HAL_Driver/Src/stm32g0xx_ll_rcc.o
LOAD ./Drivers/STM32G0xx_HAL_Driver/Src/stm32g0xx_ll_utils.o
LOAD ./Src/7seg.o
LOAD ./Src/adc.o
LOAD ./Src/backup.o
LOAD ./Src/bme280.o
LOAD ./Src/eeprom_emul.o
LOAD ./Src/flash_interface.o
LOAD ./Src/interface.o
LOAD ./Src/interrupts.o
LOAD ./Src/main.o
LOAD ./Src/menu.o
LOAD ./Src/rtc.o
LOAD ./Src/stm32g0xx_hal_msp.o
LOAD ./Src/stm32g0xx_it.o
LOAD ./Src/syscalls.o
LOAD ./Src/sysmem.o
LOAD ./Src/system_stm32g0xx.o
LOAD ./Startup/startup_stm32g071kbtx.o
START GROUP
LOAD /opt/st/stm32cubeide_1.8.0/plugins/com.st.stm32cube.ide.mcu.externaltools.gnu-tools-for-stm32.9-2020-q2-update.linux64_2.0.0.202105311346/tools/bin/../lib/gcc/arm-none-eabi/9.3.1/../../../../arm-none-eabi/lib/thumb/v6-m/nofp/libc_nano.a
LOAD /opt/st/stm32cubeide_1.8.0/plugins/com.st.stm32cube.ide.mcu.externaltools.gnu-tools-for-stm32.9-2020-q2-update.linux64_2.0.0.202105311346/tools/bin/../lib/gcc/arm-none-eabi/9.3.1/../../../../arm-none-eabi/lib/thumb/v6-m/nofp/libm.a
END GROUP
START GROUP
LOAD /opt/st/stm32cubeide_1.8.0/plugins/com.st.stm32cube.ide.mcu.externaltools.gnu-tools-for-stm32.9-2020-q2-update.linux64_2.0.0.202105311346/tools/bin/../lib/gcc/arm-none-eabi/9.3.1/thumb/v6-m/nofp/libgcc.a
LOAD /opt/st/stm32cubeide_1.8.0/plugins/com.st.stm32cube.ide.mcu.externaltools.gnu-tools-for-stm32.9-2020-q2-update.linux64_2.0.0.202105311346/tools/bin/../lib/gcc/arm-none-eabi/9.3.1/../../../../arm-none-eabi/lib/thumb/v6-m/nofp/libc_nano.a
END GROUP
START GROUP
LOAD /opt/st/stm32cubeide_1.8.0/plugins/com.st.stm32cube.ide.mcu.externaltools.gnu-tools-for-stm32.9-2020-q2-update.linux64_2.0.0.202105311346/tools/bin/../lib/gcc/arm-none-eabi/9.3.1/thumb/v6-m/nofp/libgcc.a
LOAD /opt/st/stm32cubeide_1.8.0/plugins/com.st.stm32cube.ide.mcu.externaltools.gnu-tools-for-stm32.9-2020-q2-update.linux64_2.0.0.202105311346/tools/bin/../lib/gcc/arm-none-eabi/9.3.1/../../../../arm-none-eabi/lib/thumb/v6-m/nofp/libc_nano.a
LOAD /opt/st/stm32cubeide_1.8.0/plugins/com.st.stm32cube.ide.mcu.externaltools.gnu-tools-for-stm32.9-2020-q2-update.linux64_2.0.0.202105311346/tools/bin/../lib/gcc/arm-none-eabi/9.3.1/../../../../arm-none-eabi/lib/thumb/v6-m/nofp/libnosys.a
END GROUP
START GROUP
LOAD /opt/st/stm32cubeide_1.8.0/plugins/com.st.stm32cube.ide.mcu.externaltools.gnu-tools-for-stm32.9-2020-q2-update.linux64_2.0.0.202105311346/tools/bin/../lib/gcc/arm-none-eabi/9.3.1/thumb/v6-m/nofp/libgcc.a
LOAD /opt/st/stm32cubeide_1.8.0/plugins/com.st.stm32cube.ide.mcu.externaltools.gnu-tools-for-stm32.9-2020-q2-update.linux64_2.0.0.202105311346/tools/bin/../lib/gcc/arm-none-eabi/9.3.1/../../../../arm-none-eabi/lib/thumb/v6-m/nofp/libc_nano.a
LOAD /opt/st/stm32cubeide_1.8.0/plugins/com.st.stm32cube.ide.mcu.externaltools.gnu-tools-for-stm32.9-2020-q2-update.linux64_2.0.0.202105311346/tools/bin/../lib/gcc/arm-none-eabi/9.3.1/../../../../arm-none-eabi/lib/thumb/v6-m/nofp/libnosys.a
END GROUP
LOAD /opt/st/stm32cubeide_1.8.0/plugins/com.st.stm32cube.ide.mcu.externaltools.gnu-tools-for-stm32.9-2020-q2-update.linux64_2.0.0.202105311346/tools/bin/../lib/gcc/arm-none-eabi/9.3.1/thumb/v6-m/nofp/crtend.o
LOAD /opt/st/stm32cubeide_1.8.0/plugins/com.st.stm32cube.ide.mcu.externaltools.gnu-tools-for-stm32.9-2020-q2-update.linux64_2.0.0.202105311346/tools/bin/../lib/gcc/arm-none-eabi/9.3.1/thumb/v6-m/nofp/crtn.o
                0x0000000020009000                _estack = (ORIGIN (RAM) + LENGTH (RAM))
                0x0000000000000200                _Min_Heap_Size = 0x200
                0x0000000000000400                _Min_Stack_Size = 0x400

.isr_vector     0x0000000008000000       0xbc
                0x0000000008000000                . = ALIGN (0x4)
 *(.isr_vector)
 .isr_vector    0x0000000008000000       0xbc ./Startup/startup_stm32g071kbtx.o
                0x0000000008000000                g_pfnVectors
                0x00000000080000bc                . = ALIGN (0x4)

.text           0x00000000080000c0     0xf8a8
                0x00000000080000c0                . = ALIGN (0x4)
 *(.text)
 .text          0x00000000080000c0       0x48 /opt/st/stm32cubeide_1.8.0/plugins/com.st.stm32cube.ide.mcu.externaltools.gnu-tools-for-stm32.9-2020-q2-update.linux64_2.0.0.202105311346/tools/bin/../lib/gcc/arm-none-eabi/9.3.1/thumb/v6-m/nofp/crtbegin.o
 .text          0x0000000008000108       0x14 /opt/st/stm32cubeide_1.8.0/plugins/com.st.stm32cube.ide.mcu.externaltools.gnu-tools-for-stm32.9-2020-q2-update.linux64_2.0.0.202105311346/tools/bin/../lib/gcc/arm-none-eabi/9.3.1/thumb/v6-m/nofp/libgcc.a(_thumb1_case_shi.o)
                0x0000000008000108                __gnu_thumb1_case_shi
 .text          0x000000000800011c      0x114 /opt/st/stm32cubeide_1.8.0/plugins/com.st.stm32cube.ide.mcu.externaltools.gnu-tools-for-stm32.9-2020-q2-update.linux64_2.0.0.202105311346/tools/bin/../lib/gcc/arm-none-eabi/9.3.1/thumb/v6-m/nofp/libgcc.a(_udivsi3.o)
                0x000000000800011c                __udivsi3
                0x000000000800011c                __aeabi_uidiv
                0x0000000008000228                __aeabi_uidivmod
 .text          0x0000000008000230      0x1d4 /opt/st/stm32cubeide_1.8.0/plugins/com.st.stm32cube.ide.mcu.externaltools.gnu-tools-for-stm32.9-2020-q2-update.linux64_2.0.0.202105311346/tools/bin/../lib/gcc/arm-none-eabi/9.3.1/thumb/v6-m/nofp/libgcc.a(_divsi3.o)
                0x0000000008000230                __aeabi_idiv
                0x0000000008000230                __divsi3
                0x00000000080003fc                __aeabi_idivmod
 .text          0x0000000008000404        0x4 /opt/st/stm32cubeide_1.8.0/plugins/com.st.stm32cube.ide.mcu.externaltools.gnu-tools-for-stm32.9-2020-q2-update.linux64_2.0.0.202105311346/tools/bin/../lib/gcc/arm-none-eabi/9.3.1/thumb/v6-m/nofp/libgcc.a(_dvmd_tls.o)
                0x0000000008000404                __aeabi_ldiv0
                0x0000000008000404                __aeabi_idiv0
 .text          0x0000000008000408       0x7c /opt/st/stm32cubeide_1.8.0/plugins/com.st.stm32cube.ide.mcu.externaltools.gnu-tools-for-stm32.9-2020-q2-update.linux64_2.0.0.202105311346/tools/bin/../lib/gcc/arm-none-eabi/9.3.1/thumb/v6-m/nofp/libgcc.a(_arm_cmpdf2.o)
                0x0000000008000408                __aeabi_cdrcmple
                0x0000000008000418                __aeabi_cdcmple
                0x0000000008000418                __aeabi_cdcmpeq
                0x0000000008000428                __aeabi_dcmpeq
                0x0000000008000434                __aeabi_dcmplt
                0x0000000008000448                __aeabi_dcmple
                0x000000000800045c                __aeabi_dcmpgt
                0x0000000008000470                __aeabi_dcmpge
 .text          0x0000000008000484       0x48 /opt/st/stm32cubeide_1.8.0/plugins/com.st.stm32cube.ide.mcu.externaltools.gnu-tools-for-stm32.9-2020-q2-update.linux64_2.0.0.202105311346/tools/bin/../lib/gcc/arm-none-eabi/9.3.1/thumb/v6-m/nofp/libgcc.a(_aeabi_ldivmod.o)
                0x0000000008000484                __aeabi_ldivmod
 .text          0x00000000080004cc       0x40 /opt/st/stm32cubeide_1.8.0/plugins/com.st.stm32cube.ide.mcu.externaltools.gnu-tools-for-stm32.9-2020-q2-update.linux64_2.0.0.202105311346/tools/bin/../lib/gcc/arm-none-eabi/9.3.1/thumb/v6-m/nofp/libgcc.a(_aeabi_uldivmod.o)
                0x00000000080004cc                __aeabi_uldivmod
 .text          0x000000000800050c       0x50 /opt/st/stm32cubeide_1.8.0/plugins/com.st.stm32cube.ide.mcu.externaltools.gnu-tools-for-stm32.9-2020-q2-update.linux64_2.0.0.202105311346/tools/bin/../lib/gcc/arm-none-eabi/9.3.1/thumb/v6-m/nofp/libgcc.a(_muldi3.o)
                0x000000000800050c                __aeabi_lmul
                0x000000000800050c                __muldi3
 .text          0x000000000800055c       0x30 /opt/st/stm32cubeide_1.8.0/plugins/com.st.stm32cube.ide.mcu.externaltools.gnu-tools-for-stm32.9-2020-q2-update.linux64_2.0.0.202105311346/tools/bin/../lib/gcc/arm-none-eabi/9.3.1/thumb/v6-m/nofp/libgcc.a(_fixunssfsi.o)
                0x000000000800055c                __aeabi_f2uiz
                0x000000000800055c                __fixunssfsi
 .text          0x000000000800058c      0x198 /opt/st/stm32cubeide_1.8.0/plugins/com.st.stm32cube.ide.mcu.externaltools.gnu-tools-for-stm32.9-2020-q2-update.linux64_2.0.0.202105311346/tools/bin/../lib/gcc/arm-none-eabi/9.3.1/thumb/v6-m/nofp/libgcc.a(_udivmoddi4.o)
                0x000000000800058c                __udivmoddi4
 .text          0x0000000008000724       0x3c /opt/st/stm32cubeide_1.8.0/plugins/com.st.stm32cube.ide.mcu.externaltools.gnu-tools-for-stm32.9-2020-q2-update.linux64_2.0.0.202105311346/tools/bin/../lib/gcc/arm-none-eabi/9.3.1/thumb/v6-m/nofp/libgcc.a(bpabi.o)
                0x0000000008000724                __gnu_ldivmod_helper
 .text          0x0000000008000760      0x338 /opt/st/stm32cubeide_1.8.0/plugins/com.st.stm32cube.ide.mcu.externaltools.gnu-tools-for-stm32.9-2020-q2-update.linux64_2.0.0.202105311346/tools/bin/../lib/gcc/arm-none-eabi/9.3.1/thumb/v6-m/nofp/libgcc.a(addsf3.o)
                0x0000000008000760                __aeabi_fadd
 .text          0x0000000008000a98      0x218 /opt/st/stm32cubeide_1.8.0/plugins/com.st.stm32cube.ide.mcu.externaltools.gnu-tools-for-stm32.9-2020-q2-update.linux64_2.0.0.202105311346/tools/bin/../lib/gcc/arm-none-eabi/9.3.1/thumb/v6-m/nofp/libgcc.a(divsf3.o)
                0x0000000008000a98                __aeabi_fdiv
 .text          0x0000000008000cb0      0x234 /opt/st/stm32cubeide_1.8.0/plugins/com.st.stm32cube.ide.mcu.externaltools.gnu-tools-for-stm32.9-2020-q2-update.linux64_2.0.0.202105311346/tools/bin/../lib/gcc/arm-none-eabi/9.3.1/thumb/v6-m/nofp/libgcc.a(mulsf3.o)
                0x0000000008000cb0                __aeabi_fmul
 .text          0x0000000008000ee4      0x390 /opt/st/stm32cubeide_1.8.0/plugins/com.st.stm32cube.ide.mcu.externaltools.gnu-tools-for-stm32.9-2020-q2-update.linux64_2.0.0.202105311346/tools/bin/../lib/gcc/arm-none-eabi/9.3.1/thumb/v6-m/nofp/libgcc.a(subsf3.o)
                0x0000000008000ee4                __aeabi_fsub
 .text          0x0000000008001274       0x40 /opt/st/stm32cubeide_1.8.0/plugins/com.st.stm32cube.ide.mcu.externaltools.gnu-tools-for-stm32.9-2020-q2-update.linux64_2.0.0.202105311346/tools/bin/../lib/gcc/arm-none-eabi/9.3.1/thumb/v6-m/nofp/libgcc.a(fixsfsi.o)
                0x0000000008001274                __aeabi_f2iz
 .text          0x00000000080012b4       0x8c /opt/st/stm32cubeide_1.8.0/plugins/com.st.stm32cube.ide.mcu.externaltools.gnu-tools-for-stm32.9-2020-q2-update.linux64_2.0.0.202105311346/tools/bin/../lib/gcc/arm-none-eabi/9.3.1/thumb/v6-m/nofp/libgcc.a(floatsisf.o)
                0x00000000080012b4                __aeabi_i2f
 .text          0x0000000008001340       0x78 /opt/st/stm32cubeide_1.8.0/plugins/com.st.stm32cube.ide.mcu.externaltools.gnu-tools-for-stm32.9-2020-q2-update.linux64_2.0.0.202105311346/tools/bin/../lib/gcc/arm-none-eabi/9.3.1/thumb/v6-m/nofp/libgcc.a(floatunsisf.o)
                0x0000000008001340                __aeabi_ui2f
 .text          0x00000000080013b8      0x6d4 /opt/st/stm32cubeide_1.8.0/plugins/com.st.stm32cube.ide.mcu.externaltools.gnu-tools-for-stm32.9-2020-q2-update.linux64_2.0.0.202105311346/tools/bin/../lib/gcc/arm-none-eabi/9.3.1/thumb/v6-m/nofp/libgcc.a(adddf3.o)
                0x00000000080013b8                __aeabi_dadd
 .text          0x0000000008001a8c      0x5d0 /opt/st/stm32cubeide_1.8.0/plugins/com.st.stm32cube.ide.mcu.externaltools.gnu-tools-for-stm32.9-2020-q2-update.linux64_2.0.0.202105311346/tools/bin/../lib/gcc/arm-none-eabi/9.3.1/thumb/v6-m/nofp/libgcc.a(divdf3.o)
                0x0000000008001a8c                __aeabi_ddiv
 .text          0x000000000800205c       0x78 /opt/st/stm32cubeide_1.8.0/plugins/com.st.stm32cube.ide.mcu.externaltools.gnu-tools-for-stm32.9-2020-q2-update.linux64_2.0.0.202105311346/tools/bin/../lib/gcc/arm-none-eabi/9.3.1/thumb/v6-m/nofp/libgcc.a(eqdf2.o)
                0x000000000800205c                __eqdf2
                0x000000000800205c                __nedf2
 .text          0x00000000080020d4       0xe4 /opt/st/stm32cubeide_1.8.0/plugins/com.st.stm32cube.ide.mcu.externaltools.gnu-tools-for-stm32.9-2020-q2-update.linux64_2.0.0.202105311346/tools/bin/../lib/gcc/arm-none-eabi/9.3.1/thumb/v6-m/nofp/libgcc.a(gedf2.o)
                0x00000000080020d4                __gtdf2
                0x00000000080020d4                __gedf2
 .text          0x00000000080021b8       0xe0 /opt/st/stm32cubeide_1.8.0/plugins/com.st.stm32cube.ide.mcu.externaltools.gnu-tools-for-stm32.9-2020-q2-update.linux64_2.0.0.202105311346/tools/bin/../lib/gcc/arm-none-eabi/9.3.1/thumb/v6-m/nofp/libgcc.a(ledf2.o)
                0x00000000080021b8                __ltdf2
                0x00000000080021b8                __ledf2
 .text          0x0000000008002298      0x4d8 /opt/st/stm32cubeide_1.8.0/plugins/com.st.stm32cube.ide.mcu.externaltools.gnu-tools-for-stm32.9-2020-q2-update.linux64_2.0.0.202105311346/tools/bin/../lib/gcc/arm-none-eabi/9.3.1/thumb/v6-m/nofp/libgcc.a(muldf3.o)
                0x0000000008002298                __aeabi_dmul
 .text          0x0000000008002770      0x724 /opt/st/stm32cubeide_1.8.0/plugins/com.st.stm32cube.ide.mcu.externaltools.gnu-tools-for-stm32.9-2020-q2-update.linux64_2.0.0.202105311346/tools/bin/../lib/gcc/arm-none-eabi/9.3.1/thumb/v6-m/nofp/libgcc.a(subdf3.o)
                0x0000000008002770                __aeabi_dsub
 .text          0x0000000008002e94       0x3c /opt/st/stm32cubeide_1.8.0/plugins/com.st.stm32cube.ide.mcu.externaltools.gnu-tools-for-stm32.9-2020-q2-update.linux64_2.0.0.202105311346/tools/bin/../lib/gcc/arm-none-eabi/9.3.1/thumb/v6-m/nofp/libgcc.a(unorddf2.o)
                0x0000000008002e94                __aeabi_dcmpun
 .text          0x0000000008002ed0       0x6c /opt/st/stm32cubeide_1.8.0/plugins/com.st.stm32cube.ide.mcu.externaltools.gnu-tools-for-stm32.9-2020-q2-update.linux64_2.0.0.202105311346/tools/bin/../lib/gcc/arm-none-eabi/9.3.1/thumb/v6-m/nofp/libgcc.a(fixdfsi.o)
                0x0000000008002ed0                __aeabi_d2iz
 .text          0x0000000008002f3c       0x60 /opt/st/stm32cubeide_1.8.0/plugins/com.st.stm32cube.ide.mcu.externaltools.gnu-tools-for-stm32.9-2020-q2-update.linux64_2.0.0.202105311346/tools/bin/../lib/gcc/arm-none-eabi/9.3.1/thumb/v6-m/nofp/libgcc.a(floatsidf.o)
                0x0000000008002f3c                __aeabi_i2d
 .text          0x0000000008002f9c       0x4c /opt/st/stm32cubeide_1.8.0/plugins/com.st.stm32cube.ide.mcu.externaltools.gnu-tools-for-stm32.9-2020-q2-update.linux64_2.0.0.202105311346/tools/bin/../lib/gcc/arm-none-eabi/9.3.1/thumb/v6-m/nofp/libgcc.a(floatunsidf.o)
                0x0000000008002f9c                __aeabi_ui2d
 .text          0x0000000008002fe8       0x90 /opt/st/stm32cubeide_1.8.0/plugins/com.st.stm32cube.ide.mcu.externaltools.gnu-tools-for-stm32.9-2020-q2-update.linux64_2.0.0.202105311346/tools/bin/../lib/gcc/arm-none-eabi/9.3.1/thumb/v6-m/nofp/libgcc.a(extendsfdf2.o)
                0x0000000008002fe8                __aeabi_f2d
 .text          0x0000000008003078      0x110 /opt/st/stm32cubeide_1.8.0/plugins/com.st.stm32cube.ide.mcu.externaltools.gnu-tools-for-stm32.9-2020-q2-update.linux64_2.0.0.202105311346/tools/bin/../lib/gcc/arm-none-eabi/9.3.1/thumb/v6-m/nofp/libgcc.a(truncdfsf2.o)
                0x0000000008003078                __aeabi_d2f
 .text          0x0000000008003188       0x74 /opt/st/stm32cubeide_1.8.0/plugins/com.st.stm32cube.ide.mcu.externaltools.gnu-tools-for-stm32.9-2020-q2-update.linux64_2.0.0.202105311346/tools/bin/../lib/gcc/arm-none-eabi/9.3.1/thumb/v6-m/nofp/libgcc.a(_arm_cmpsf2.o)
                0x0000000008003188                __aeabi_cfrcmple
                0x0000000008003190                __aeabi_cfcmple
                0x0000000008003190                __aeabi_cfcmpeq
                0x00000000080031a0                __aeabi_fcmpeq
                0x00000000080031ac                __aeabi_fcmplt
                0x00000000080031c0                __aeabi_fcmple
                0x00000000080031d4                __aeabi_fcmpgt
                0x00000000080031e8                __aeabi_fcmpge
 .text          0x00000000080031fc       0x3c /opt/st/stm32cubeide_1.8.0/plugins/com.st.stm32cube.ide.mcu.externaltools.gnu-tools-for-stm32.9-2020-q2-update.linux64_2.0.0.202105311346/tools/bin/../lib/gcc/arm-none-eabi/9.3.1/thumb/v6-m/nofp/libgcc.a(_clzsi2.o)
                0x00000000080031fc                __clzsi2
 .text          0x0000000008003238       0x18 /opt/st/stm32cubeide_1.8.0/plugins/com.st.stm32cube.ide.mcu.externaltools.gnu-tools-for-stm32.9-2020-q2-update.linux64_2.0.0.202105311346/tools/bin/../lib/gcc/arm-none-eabi/9.3.1/thumb/v6-m/nofp/libgcc.a(_clzdi2.o)
                0x0000000008003238                __clzdi2
 .text          0x0000000008003250      0x1cc /opt/st/stm32cubeide_1.8.0/plugins/com.st.stm32cube.ide.mcu.externaltools.gnu-tools-for-stm32.9-2020-q2-update.linux64_2.0.0.202105311346/tools/bin/../lib/gcc/arm-none-eabi/9.3.1/thumb/v6-m/nofp/libgcc.a(_divdi3.o)
                0x0000000008003250                __divdi3
 .text          0x000000000800341c       0x50 /opt/st/stm32cubeide_1.8.0/plugins/com.st.stm32cube.ide.mcu.externaltools.gnu-tools-for-stm32.9-2020-q2-update.linux64_2.0.0.202105311346/tools/bin/../lib/gcc/arm-none-eabi/9.3.1/thumb/v6-m/nofp/libgcc.a(eqsf2.o)
                0x000000000800341c                __nesf2
                0x000000000800341c                __eqsf2
 .text          0x000000000800346c       0x98 /opt/st/stm32cubeide_1.8.0/plugins/com.st.stm32cube.ide.mcu.externaltools.gnu-tools-for-stm32.9-2020-q2-update.linux64_2.0.0.202105311346/tools/bin/../lib/gcc/arm-none-eabi/9.3.1/thumb/v6-m/nofp/libgcc.a(gesf2.o)
                0x000000000800346c                __gtsf2
                0x000000000800346c                __gesf2
 .text          0x0000000008003504       0x94 /opt/st/stm32cubeide_1.8.0/plugins/com.st.stm32cube.ide.mcu.externaltools.gnu-tools-for-stm32.9-2020-q2-update.linux64_2.0.0.202105311346/tools/bin/../lib/gcc/arm-none-eabi/9.3.1/thumb/v6-m/nofp/libgcc.a(lesf2.o)
                0x0000000008003504                __lesf2
                0x0000000008003504                __ltsf2
 *(.text*)
 .text.HAL_Init
                0x0000000008003598       0x40 ./Drivers/STM32G0xx_HAL_Driver/Src/stm32g0xx_hal.o
                0x0000000008003598                HAL_Init
 .text.HAL_InitTick
                0x00000000080035d8       0x94 ./Drivers/STM32G0xx_HAL_Driver/Src/stm32g0xx_hal.o
                0x00000000080035d8                HAL_InitTick
 .text.HAL_IncTick
                0x000000000800366c       0x24 ./Drivers/STM32G0xx_HAL_Driver/Src/stm32g0xx_hal.o
                0x000000000800366c                HAL_IncTick
 .text.HAL_GetTick
                0x0000000008003690       0x14 ./Drivers/STM32G0xx_HAL_Driver/Src/stm32g0xx_hal.o
                0x0000000008003690                HAL_GetTick
 .text.HAL_Delay
                0x00000000080036a4       0x48 ./Drivers/STM32G0xx_HAL_Driver/Src/stm32g0xx_hal.o
                0x00000000080036a4                HAL_Delay
 .text.HAL_SYSCFG_StrobeDBattpinsConfig
                0x00000000080036ec       0x2c ./Drivers/STM32G0xx_HAL_Driver/Src/stm32g0xx_hal.o
                0x00000000080036ec                HAL_SYSCFG_StrobeDBattpinsConfig
 .text.LL_ADC_SetCommonPathInternalCh
                0x0000000008003718       0x28 ./Drivers/STM32G0xx_HAL_Driver/Src/stm32g0xx_hal_adc.o
 .text.LL_ADC_GetCommonPathInternalCh
                0x0000000008003740       0x1a ./Drivers/STM32G0xx_HAL_Driver/Src/stm32g0xx_hal_adc.o
 .text.LL_ADC_SetSamplingTimeCommonChannels
                0x000000000800375a       0x3a ./Drivers/STM32G0xx_HAL_Driver/Src/stm32g0xx_hal_adc.o
 .text.LL_ADC_REG_IsTriggerSourceSWStart
                0x0000000008003794       0x22 ./Drivers/STM32G0xx_HAL_Driver/Src/stm32g0xx_hal_adc.o
 .text.LL_ADC_REG_SetSequencerRanks
                0x00000000080037b6       0x40 ./Drivers/STM32G0xx_HAL_Driver/Src/stm32g0xx_hal_adc.o
 .text.LL_ADC_REG_SetSequencerChAdd
                0x00000000080037f6       0x22 ./Drivers/STM32G0xx_HAL_Driver/Src/stm32g0xx_hal_adc.o
 .text.LL_ADC_REG_SetSequencerChRem
                0x0000000008003818       0x24 ./Drivers/STM32G0xx_HAL_Driver/Src/stm32g0xx_hal_adc.o
 .text.LL_ADC_SetChannelSamplingTime
                0x000000000800383c       0x38 ./Drivers/STM32G0xx_HAL_Driver/Src/stm32g0xx_hal_adc.o
 .text.LL_ADC_EnableInternalRegulator
                0x0000000008003874       0x28 ./Drivers/STM32G0xx_HAL_Driver/Src/stm32g0xx_hal_adc.o
 .text.LL_ADC_IsInternalRegulatorEnabled
                0x000000000800389c       0x28 ./Drivers/STM32G0xx_HAL_Driver/Src/stm32g0xx_hal_adc.o
 .text.LL_ADC_Enable
                0x00000000080038c4       0x24 ./Drivers/STM32G0xx_HAL_Driver/Src/stm32g0xx_hal_adc.o
 .text.LL_ADC_Disable
                0x00000000080038e8       0x24 ./Drivers/STM32G0xx_HAL_Driver/Src/stm32g0xx_hal_adc.o
 .text.LL_ADC_IsEnabled
                0x000000000800390c       0x22 ./Drivers/STM32G0xx_HAL_Driver/Src/stm32g0xx_hal_adc.o
 .text.LL_ADC_IsDisableOngoing
                0x000000000800392e       0x22 ./Drivers/STM32G0xx_HAL_Driver/Src/stm32g0xx_hal_adc.o
 .text.LL_ADC_REG_StartConversion
                0x0000000008003950       0x24 ./Drivers/STM32G0xx_HAL_Driver/Src/stm32g0xx_hal_adc.o
 .text.LL_ADC_REG_IsConversionOngoing
                0x0000000008003974       0x22 ./Drivers/STM32G0xx_HAL_Driver/Src/stm32g0xx_hal_adc.o
 *fill*         0x0000000008003996        0x2 
 .text.HAL_ADC_Init
                0x0000000008003998      0x3bc ./Drivers/STM32G0xx_HAL_Driver/Src/stm32g0xx_hal_adc.o
                0x0000000008003998                HAL_ADC_Init
 .text.HAL_ADC_Start
                0x0000000008003d54       0x9c ./Drivers/STM32G0xx_HAL_Driver/Src/stm32g0xx_hal_adc.o
                0x0000000008003d54                HAL_ADC_Start
 .text.HAL_ADC_PollForConversion
                0x0000000008003df0      0x128 ./Drivers/STM32G0xx_HAL_Driver/Src/stm32g0xx_hal_adc.o
                0x0000000008003df0                HAL_ADC_PollForConversion
 .text.HAL_ADC_GetValue
                0x0000000008003f18       0x16 ./Drivers/STM32G0xx_HAL_Driver/Src/stm32g0xx_hal_adc.o
                0x0000000008003f18                HAL_ADC_GetValue
 *fill*         0x0000000008003f2e        0x2 
 .text.HAL_ADC_ConfigChannel
                0x0000000008003f30      0x3b0 ./Drivers/STM32G0xx_HAL_Driver/Src/stm32g0xx_hal_adc.o
                0x0000000008003f30                HAL_ADC_ConfigChannel
 .text.ADC_Enable
                0x00000000080042e0      0x10c ./Drivers/STM32G0xx_HAL_Driver/Src/stm32g0xx_hal_adc.o
                0x00000000080042e0                ADC_Enable
 .text.ADC_Disable
                0x00000000080043ec       0xbc ./Drivers/STM32G0xx_HAL_Driver/Src/stm32g0xx_hal_adc.o
                0x00000000080043ec                ADC_Disable
 .text.LL_ADC_IsEnabled
                0x00000000080044a8       0x22 ./Drivers/STM32G0xx_HAL_Driver/Src/stm32g0xx_hal_adc_ex.o
 .text.LL_ADC_IsCalibrationOnGoing
                0x00000000080044ca       0x26 ./Drivers/STM32G0xx_HAL_Driver/Src/stm32g0xx_hal_adc_ex.o
 .text.HAL_ADCEx_Calibration_Start
                0x00000000080044f0      0x104 ./Drivers/STM32G0xx_HAL_Driver/Src/stm32g0xx_hal_adc_ex.o
                0x00000000080044f0                HAL_ADCEx_Calibration_Start
 .text.__NVIC_EnableIRQ
                0x00000000080045f4       0x34 ./Drivers/STM32G0xx_HAL_Driver/Src/stm32g0xx_hal_cortex.o
 .text.__NVIC_SetPriority
                0x0000000008004628       0xdc ./Drivers/STM32G0xx_HAL_Driver/Src/stm32g0xx_hal_cortex.o
 .text.SysTick_Config
                0x0000000008004704       0x48 ./Drivers/STM32G0xx_HAL_Driver/Src/stm32g0xx_hal_cortex.o
 .text.HAL_NVIC_SetPriority
                0x000000000800474c       0x2a ./Drivers/STM32G0xx_HAL_Driver/Src/stm32g0xx_hal_cortex.o
                0x000000000800474c                HAL_NVIC_SetPriority
 .text.HAL_NVIC_EnableIRQ
                0x0000000008004776       0x20 ./Drivers/STM32G0xx_HAL_Driver/Src/stm32g0xx_hal_cortex.o
                0x0000000008004776                HAL_NVIC_EnableIRQ
 .text.HAL_SYSTICK_Config
                0x0000000008004796       0x1a ./Drivers/STM32G0xx_HAL_Driver/Src/stm32g0xx_hal_cortex.o
                0x0000000008004796                HAL_SYSTICK_Config
 .text.HAL_FLASH_Program
                0x00000000080047b0       0x9c ./Drivers/STM32G0xx_HAL_Driver/Src/stm32g0xx_hal_flash.o
                0x00000000080047b0                HAL_FLASH_Program
 .text.HAL_FLASH_Unlock
                0x000000000800484c       0x48 ./Drivers/STM32G0xx_HAL_Driver/Src/stm32g0xx_hal_flash.o
                0x000000000800484c                HAL_FLASH_Unlock
 .text.HAL_FLASH_Lock
                0x0000000008004894       0x38 ./Drivers/STM32G0xx_HAL_Driver/Src/stm32g0xx_hal_flash.o
                0x0000000008004894                HAL_FLASH_Lock
 .text.FLASH_WaitForLastOperation
                0x00000000080048cc       0x9c ./Drivers/STM32G0xx_HAL_Driver/Src/stm32g0xx_hal_flash.o
                0x00000000080048cc                FLASH_WaitForLastOperation
 .text.FLASH_Program_DoubleWord
                0x0000000008004968       0x40 ./Drivers/STM32G0xx_HAL_Driver/Src/stm32g0xx_hal_flash.o
 .text.HAL_FLASHEx_Erase
                0x00000000080049a8       0xe8 ./Drivers/STM32G0xx_HAL_Driver/Src/stm32g0xx_hal_flash_ex.o
                0x00000000080049a8                HAL_FLASHEx_Erase
 .text.FLASH_MassErase
                0x0000000008004a90       0x28 ./Drivers/STM32G0xx_HAL_Driver/Src/stm32g0xx_hal_flash_ex.o
 .text.FLASH_PageErase
                0x0000000008004ab8       0x38 ./Drivers/STM32G0xx_HAL_Driver/Src/stm32g0xx_hal_flash_ex.o
                0x0000000008004ab8                FLASH_PageErase
 .text.HAL_GPIO_Init
                0x0000000008004af0      0x2c8 ./Drivers/STM32G0xx_HAL_Driver/Src/stm32g0xx_hal_gpio.o
                0x0000000008004af0                HAL_GPIO_Init
 .text.HAL_GPIO_ReadPin
                0x0000000008004db8       0x3a ./Drivers/STM32G0xx_HAL_Driver/Src/stm32g0xx_hal_gpio.o
                0x0000000008004db8                HAL_GPIO_ReadPin
 .text.HAL_GPIO_WritePin
                0x0000000008004df2       0x3a ./Drivers/STM32G0xx_HAL_Driver/Src/stm32g0xx_hal_gpio.o
                0x0000000008004df2                HAL_GPIO_WritePin
 .text.HAL_GPIO_EXTI_IRQHandler
                0x0000000008004e2c       0x54 ./Drivers/STM32G0xx_HAL_Driver/Src/stm32g0xx_hal_gpio.o
                0x0000000008004e2c                HAL_GPIO_EXTI_IRQHandler
 .text.HAL_I2C_Init
                0x0000000008004e80      0x12c ./Drivers/STM32G0xx_HAL_Driver/Src/stm32g0xx_hal_i2c.o
                0x0000000008004e80                HAL_I2C_Init
 .text.HAL_I2C_Mem_Write
                0x0000000008004fac      0x25c ./Drivers/STM32G0xx_HAL_Driver/Src/stm32g0xx_hal_i2c.o
                0x0000000008004fac                HAL_I2C_Mem_Write
 .text.HAL_I2C_Mem_Read
                0x0000000008005208      0x268 ./Drivers/STM32G0xx_HAL_Driver/Src/stm32g0xx_hal_i2c.o
                0x0000000008005208                HAL_I2C_Mem_Read
 .text.I2C_RequestMemoryWrite
                0x0000000008005470       0xc8 ./Drivers/STM32G0xx_HAL_Driver/Src/stm32g0xx_hal_i2c.o
 .text.I2C_RequestMemoryRead
                0x0000000008005538       0xc4 ./Drivers/STM32G0xx_HAL_Driver/Src/stm32g0xx_hal_i2c.o
 .text.I2C_Flush_TXDR
                0x00000000080055fc       0x44 ./Drivers/STM32G0xx_HAL_Driver/Src/stm32g0xx_hal_i2c.o
 .text.I2C_WaitOnFlagUntilTimeout
                0x0000000008005640       0x7e ./Drivers/STM32G0xx_HAL_Driver/Src/stm32g0xx_hal_i2c.o
 .text.I2C_WaitOnTXISFlagUntilTimeout
                0x00000000080056be       0x7e ./Drivers/STM32G0xx_HAL_Driver/Src/stm32g0xx_hal_i2c.o
 .text.I2C_WaitOnSTOPFlagUntilTimeout
                0x000000000800573c       0x78 ./Drivers/STM32G0xx_HAL_Driver/Src/stm32g0xx_hal_i2c.o
 .text.I2C_IsAcknowledgeFailed
                0x00000000080057b4       0xf4 ./Drivers/STM32G0xx_HAL_Driver/Src/stm32g0xx_hal_i2c.o
 .text.I2C_TransferConfig
                0x00000000080058a8       0x6c ./Drivers/STM32G0xx_HAL_Driver/Src/stm32g0xx_hal_i2c.o
 .text.HAL_I2CEx_ConfigAnalogFilter
                0x0000000008005914       0x98 ./Drivers/STM32G0xx_HAL_Driver/Src/stm32g0xx_hal_i2c_ex.o
                0x0000000008005914                HAL_I2CEx_ConfigAnalogFilter
 .text.HAL_I2CEx_ConfigDigitalFilter
                0x00000000080059ac       0x98 ./Drivers/STM32G0xx_HAL_Driver/Src/stm32g0xx_hal_i2c_ex.o
                0x00000000080059ac                HAL_I2CEx_ConfigDigitalFilter
 .text.HAL_PWR_EnableBkUpAccess
                0x0000000008005a44       0x1c ./Drivers/STM32G0xx_HAL_Driver/Src/stm32g0xx_hal_pwr.o
                0x0000000008005a44                HAL_PWR_EnableBkUpAccess
 .text.HAL_PWR_EnterSTOPMode
                0x0000000008005a60       0x70 ./Drivers/STM32G0xx_HAL_Driver/Src/stm32g0xx_hal_pwr.o
                0x0000000008005a60                HAL_PWR_EnterSTOPMode
 .text.HAL_PWREx_ControlVoltageScaling
                0x0000000008005ad0       0x80 ./Drivers/STM32G0xx_HAL_Driver/Src/stm32g0xx_hal_pwr_ex.o
                0x0000000008005ad0                HAL_PWREx_ControlVoltageScaling
 .text.LL_RCC_GetAPB1Prescaler
                0x0000000008005b50       0x18 ./Drivers/STM32G0xx_HAL_Driver/Src/stm32g0xx_hal_rcc.o
 .text.HAL_RCC_OscConfig
                0x0000000008005b68      0x640 ./Drivers/STM32G0xx_HAL_Driver/Src/stm32g0xx_hal_rcc.o
                0x0000000008005b68                HAL_RCC_OscConfig
 .text.HAL_RCC_ClockConfig
                0x00000000080061a8      0x210 ./Drivers/STM32G0xx_HAL_Driver/Src/stm32g0xx_hal_rcc.o
                0x00000000080061a8                HAL_RCC_ClockConfig
 .text.HAL_RCC_GetSysClockFreq
                0x00000000080063b8      0x104 ./Drivers/STM32G0xx_HAL_Driver/Src/stm32g0xx_hal_rcc.o
                0x00000000080063b8                HAL_RCC_GetSysClockFreq
 .text.HAL_RCC_GetHCLKFreq
                0x00000000080064bc       0x14 ./Drivers/STM32G0xx_HAL_Driver/Src/stm32g0xx_hal_rcc.o
                0x00000000080064bc                HAL_RCC_GetHCLKFreq
 .text.HAL_RCC_GetPCLK1Freq
                0x00000000080064d0       0x2c ./Drivers/STM32G0xx_HAL_Driver/Src/stm32g0xx_hal_rcc.o
                0x00000000080064d0                HAL_RCC_GetPCLK1Freq
 .text.HAL_RCCEx_PeriphCLKConfig
                0x00000000080064fc      0x370 ./Drivers/STM32G0xx_HAL_Driver/Src/stm32g0xx_hal_rcc_ex.o
                0x00000000080064fc                HAL_RCCEx_PeriphCLKConfig
 .text.HAL_RTC_Init
                0x000000000800686c      0x12c ./Drivers/STM32G0xx_HAL_Driver/Src/stm32g0xx_hal_rtc.o
                0x000000000800686c                HAL_RTC_Init
 .text.HAL_RTC_SetTime
                0x0000000008006998      0x150 ./Drivers/STM32G0xx_HAL_Driver/Src/stm32g0xx_hal_rtc.o
                0x0000000008006998                HAL_RTC_SetTime
 .text.HAL_RTC_GetTime
                0x0000000008006ae8       0xb8 ./Drivers/STM32G0xx_HAL_Driver/Src/stm32g0xx_hal_rtc.o
                0x0000000008006ae8                HAL_RTC_GetTime
 .text.HAL_RTC_SetDate
                0x0000000008006ba0      0x124 ./Drivers/STM32G0xx_HAL_Driver/Src/stm32g0xx_hal_rtc.o
                0x0000000008006ba0                HAL_RTC_SetDate
 .text.HAL_RTC_GetDate
                0x0000000008006cc4       0x9c ./Drivers/STM32G0xx_HAL_Driver/Src/stm32g0xx_hal_rtc.o
                0x0000000008006cc4                HAL_RTC_GetDate
 .text.HAL_RTC_WaitForSynchro
                0x0000000008006d60       0x4e ./Drivers/STM32G0xx_HAL_Driver/Src/stm32g0xx_hal_rtc.o
                0x0000000008006d60                HAL_RTC_WaitForSynchro
 .text.RTC_EnterInitMode
                0x0000000008006dae       0x84 ./Drivers/STM32G0xx_HAL_Driver/Src/stm32g0xx_hal_rtc.o
                0x0000000008006dae                RTC_EnterInitMode
 *fill*         0x0000000008006e32        0x2 
 .text.RTC_ExitInitMode
                0x0000000008006e34       0x88 ./Drivers/STM32G0xx_HAL_Driver/Src/stm32g0xx_hal_rtc.o
                0x0000000008006e34                RTC_ExitInitMode
 .text.RTC_ByteToBcd2
                0x0000000008006ebc       0x50 ./Drivers/STM32G0xx_HAL_Driver/Src/stm32g0xx_hal_rtc.o
                0x0000000008006ebc                RTC_ByteToBcd2
 .text.RTC_Bcd2ToByte
                0x0000000008006f0c       0x3a ./Drivers/STM32G0xx_HAL_Driver/Src/stm32g0xx_hal_rtc.o
                0x0000000008006f0c                RTC_Bcd2ToByte
 .text.HAL_TIM_Base_Init
                0x0000000008006f46       0xb0 ./Drivers/STM32G0xx_HAL_Driver/Src/stm32g0xx_hal_tim.o
                0x0000000008006f46                HAL_TIM_Base_Init
 *fill*         0x0000000008006ff6        0x2 
 .text.HAL_TIM_Base_Start_IT
                0x0000000008006ff8       0xb8 ./Drivers/STM32G0xx_HAL_Driver/Src/stm32g0xx_hal_tim.o
                0x0000000008006ff8                HAL_TIM_Base_Start_IT
 .text.HAL_TIM_Base_Stop_IT
                0x00000000080070b0       0x5c ./Drivers/STM32G0xx_HAL_Driver/Src/stm32g0xx_hal_tim.o
                0x00000000080070b0                HAL_TIM_Base_Stop_IT
 .text.HAL_TIM_IRQHandler
                0x000000000800710c      0x264 ./Drivers/STM32G0xx_HAL_Driver/Src/stm32g0xx_hal_tim.o
                0x000000000800710c                HAL_TIM_IRQHandler
 .text.HAL_TIM_ConfigClockSource
                0x0000000008007370      0x198 ./Drivers/STM32G0xx_HAL_Driver/Src/stm32g0xx_hal_tim.o
                0x0000000008007370                HAL_TIM_ConfigClockSource
 .text.HAL_TIM_OC_DelayElapsedCallback
                0x0000000008007508       0x10 ./Drivers/STM32G0xx_HAL_Driver/Src/stm32g0xx_hal_tim.o
                0x0000000008007508                HAL_TIM_OC_DelayElapsedCallback
 .text.HAL_TIM_IC_CaptureCallback
                0x0000000008007518       0x10 ./Drivers/STM32G0xx_HAL_Driver/Src/stm32g0xx_hal_tim.o
                0x0000000008007518                HAL_TIM_IC_CaptureCallback
 .text.HAL_TIM_PWM_PulseFinishedCallback
                0x0000000008007528       0x10 ./Drivers/STM32G0xx_HAL_Driver/Src/stm32g0xx_hal_tim.o
                0x0000000008007528                HAL_TIM_PWM_PulseFinishedCallback
 .text.HAL_TIM_TriggerCallback
                0x0000000008007538       0x10 ./Drivers/STM32G0xx_HAL_Driver/Src/stm32g0xx_hal_tim.o
                0x0000000008007538                HAL_TIM_TriggerCallback
 .text.TIM_Base_SetConfig
                0x0000000008007548      0x100 ./Drivers/STM32G0xx_HAL_Driver/Src/stm32g0xx_hal_tim.o
                0x0000000008007548                TIM_Base_SetConfig
 .text.TIM_TI1_ConfigInputStage
                0x0000000008007648       0x5c ./Drivers/STM32G0xx_HAL_Driver/Src/stm32g0xx_hal_tim.o
 .text.TIM_TI2_ConfigInputStage
                0x00000000080076a4       0x64 ./Drivers/STM32G0xx_HAL_Driver/Src/stm32g0xx_hal_tim.o
 .text.TIM_ITRx_SetConfig
                0x0000000008007708       0x38 ./Drivers/STM32G0xx_HAL_Driver/Src/stm32g0xx_hal_tim.o
 .text.TIM_ETR_SetConfig
                0x0000000008007740       0x40 ./Drivers/STM32G0xx_HAL_Driver/Src/stm32g0xx_hal_tim.o
                0x0000000008007740                TIM_ETR_SetConfig
 .text.HAL_TIMEx_MasterConfigSynchronization
                0x0000000008007780       0xdc ./Drivers/STM32G0xx_HAL_Driver/Src/stm32g0xx_hal_tim_ex.o
                0x0000000008007780                HAL_TIMEx_MasterConfigSynchronization
 .text.HAL_TIMEx_CommutCallback
                0x000000000800785c       0x10 ./Drivers/STM32G0xx_HAL_Driver/Src/stm32g0xx_hal_tim_ex.o
                0x000000000800785c                HAL_TIMEx_CommutCallback
 .text.HAL_TIMEx_BreakCallback
                0x000000000800786c       0x10 ./Drivers/STM32G0xx_HAL_Driver/Src/stm32g0xx_hal_tim_ex.o
                0x000000000800786c                HAL_TIMEx_BreakCallback
 .text.HAL_TIMEx_Break2Callback
                0x000000000800787c       0x10 ./Drivers/STM32G0xx_HAL_Driver/Src/stm32g0xx_hal_tim_ex.o
                0x000000000800787c                HAL_TIMEx_Break2Callback
 .text.HAL_UART_Init
                0x000000000800788c       0xac ./Drivers/STM32G0xx_HAL_Driver/Src/stm32g0xx_hal_uart.o
                0x000000000800788c                HAL_UART_Init
 .text.UART_SetConfig
                0x0000000008007938      0x5bc ./Drivers/STM32G0xx_HAL_Driver/Src/stm32g0xx_hal_uart.o
                0x0000000008007938                UART_SetConfig
 .text.UART_AdvFeatureConfig
                0x0000000008007ef4      0x168 ./Drivers/STM32G0xx_HAL_Driver/Src/stm32g0xx_hal_uart.o
                0x0000000008007ef4                UART_AdvFeatureConfig
 .text.UART_CheckIdleState
                0x000000000800805c       0x94 ./Drivers/STM32G0xx_HAL_Driver/Src/stm32g0xx_hal_uart.o
                0x000000000800805c                UART_CheckIdleState
 .text.UART_WaitOnFlagUntilTimeout
                0x00000000080080f0      0x190 ./Drivers/STM32G0xx_HAL_Driver/Src/stm32g0xx_hal_uart.o
                0x00000000080080f0                UART_WaitOnFlagUntilTimeout
 .text.HAL_UARTEx_DisableFifoMode
                0x0000000008008280       0x74 ./Drivers/STM32G0xx_HAL_Driver/Src/stm32g0xx_hal_uart_ex.o
                0x0000000008008280                HAL_UARTEx_DisableFifoMode
 .text.HAL_UARTEx_SetTxFifoThreshold
                0x00000000080082f4       0x7e ./Drivers/STM32G0xx_HAL_Driver/Src/stm32g0xx_hal_uart_ex.o
                0x00000000080082f4                HAL_UARTEx_SetTxFifoThreshold
 *fill*         0x0000000008008372        0x2 
 .text.HAL_UARTEx_SetRxFifoThreshold
                0x0000000008008374       0x84 ./Drivers/STM32G0xx_HAL_Driver/Src/stm32g0xx_hal_uart_ex.o
                0x0000000008008374                HAL_UARTEx_SetRxFifoThreshold
 .text.UARTEx_SetNbDataToProcess
                0x00000000080083f8       0xbc ./Drivers/STM32G0xx_HAL_Driver/Src/stm32g0xx_hal_uart_ex.o
 .text.LEDmultiplexing
                0x00000000080084b4      0x1f4 ./Src/7seg.o
                0x00000000080084b4                LEDmultiplexing
 .text._LEDtransition
                0x00000000080086a8       0x28 ./Src/7seg.o
                0x00000000080086a8                _LEDtransition
 .text._LEDsegmentOn
                0x00000000080086d0       0xe4 ./Src/7seg.o
 .text._LEDfieldOn
                0x00000000080087b4       0x84 ./Src/7seg.o
 .text._LEDallOff
                0x0000000008008838       0xd8 ./Src/7seg.o
 .text._LEDwriteCharacter
                0x0000000008008910      0x608 ./Src/7seg.o
 .text.LEDinit  0x0000000008008f18      0x100 ./Src/7seg.o
                0x0000000008008f18                LEDinit
 .text.LEDseparator
                0x0000000008009018       0x4e ./Src/7seg.o
                0x0000000008009018                LEDseparator
 .text.LEDclear
                0x0000000008009066       0x2e ./Src/7seg.o
                0x0000000008009066                LEDclear
 .text.LEDstr   0x0000000008009094       0x9c ./Src/7seg.o
                0x0000000008009094                LEDstr
 .text.LEDdot   0x0000000008009130       0x20 ./Src/7seg.o
                0x0000000008009130                LEDdot
 .text.adcInit  0x0000000008009150       0x18 ./Src/adc.o
                0x0000000008009150                adcInit
 .text.adcSetChannel
                0x0000000008009168       0x48 ./Src/adc.o
                0x0000000008009168                adcSetChannel
 .text.adcRead  0x00000000080091b0       0x32 ./Src/adc.o
                0x00000000080091b0                adcRead
 *fill*         0x00000000080091e2        0x2 
 .text.adcTemperature
                0x00000000080091e4       0x68 ./Src/adc.o
                0x00000000080091e4                adcTemperature
 .text.adcVoltage
                0x000000000800924c       0x2c ./Src/adc.o
                0x000000000800924c                adcVoltage
 .text.backupInit
                0x0000000008009278       0x70 ./Src/backup.o
                0x0000000008009278                backupInit
 .text.backupRestore
                0x00000000080092e8       0xdc ./Src/backup.o
                0x00000000080092e8                backupRestore
 .text.backupWrite
                0x00000000080093c4       0xdc ./Src/backup.o
                0x00000000080093c4                backupWrite
 .text.bme280Init
                0x00000000080094a0      0x27e ./Src/bme280.o
                0x00000000080094a0                bme280Init
 *fill*         0x000000000800971e        0x2 
 .text.bme280Read
                0x0000000008009720      0x204 ./Src/bme280.o
                0x0000000008009720                bme280Read
 .text._BME280_compensate_T_int32
                0x0000000008009924       0x6a ./Src/bme280.o
                0x0000000008009924                _BME280_compensate_T_int32
 *fill*         0x000000000800998e        0x2 
 .text._BME280_compensate_P_int64
                0x0000000008009990      0x360 ./Src/bme280.o
                0x0000000008009990                _BME280_compensate_P_int64
 .text._BME280_compensate_H_int32
                0x0000000008009cf0       0xc8 ./Src/bme280.o
                0x0000000008009cf0                _BME280_compensate_H_int32
 .text.LL_CRC_ResetCRCCalculationUnit
                0x0000000008009db8       0x1c ./Src/eeprom_emul.o
 .text.LL_CRC_SetPolynomialSize
                0x0000000008009dd4       0x24 ./Src/eeprom_emul.o
 .text.LL_CRC_SetPolynomialCoef
                0x0000000008009df8       0x18 ./Src/eeprom_emul.o
 .text.LL_CRC_FeedData32
                0x0000000008009e10       0x18 ./Src/eeprom_emul.o
 .text.LL_CRC_FeedData16
                0x0000000008009e28       0x22 ./Src/eeprom_emul.o
 .text.LL_CRC_ReadData16
                0x0000000008009e4a       0x16 ./Src/eeprom_emul.o
 .text.LL_AHB1_GRP1_EnableClock
                0x0000000008009e60       0x2c ./Src/eeprom_emul.o
 .text.EE_Init  0x0000000008009e8c      0xb50 ./Src/eeprom_emul.o
                0x0000000008009e8c                EE_Init
 .text.EE_Format
                0x000000000800a9dc      0x154 ./Src/eeprom_emul.o
                0x000000000800a9dc                EE_Format
 .text.EE_ReadVariable32bits
                0x000000000800ab30       0x5c ./Src/eeprom_emul.o
                0x000000000800ab30                EE_ReadVariable32bits
 .text.EE_WriteVariable32bits
                0x000000000800ab8c       0x40 ./Src/eeprom_emul.o
                0x000000000800ab8c                EE_WriteVariable32bits
 .text.EE_CleanUp
                0x000000000800abcc      0x14c ./Src/eeprom_emul.o
                0x000000000800abcc                EE_CleanUp
 .text.ReadVariable
                0x000000000800ad18      0x1f4 ./Src/eeprom_emul.o
 .text.WriteVariable
                0x000000000800af0c       0x52 ./Src/eeprom_emul.o
 .text.VerifyPageFullyErased
                0x000000000800af5e       0x4e ./Src/eeprom_emul.o
 .text.FindPage
                0x000000000800afac      0x284 ./Src/eeprom_emul.o
 .text.PagesTransfer
                0x000000000800b230      0x4e8 ./Src/eeprom_emul.o
 .text.VerifyPagesFullWriteVariable
                0x000000000800b718      0x134 ./Src/eeprom_emul.o
 .text.SetPageState
                0x000000000800b84c      0x1a4 ./Src/eeprom_emul.o
 .text.GetPageState
                0x000000000800b9f0       0xa0 ./Src/eeprom_emul.o
 .text.ConfigureCrc
                0x000000000800ba90       0x34 ./Src/eeprom_emul.o
                0x000000000800ba90                ConfigureCrc
 .text.CalculateCrc
                0x000000000800bac4       0x48 ./Src/eeprom_emul.o
                0x000000000800bac4                CalculateCrc
 .text.FI_WriteDoubleWord
                0x000000000800bb0c       0x22 ./Src/flash_interface.o
                0x000000000800bb0c                FI_WriteDoubleWord
 .text.FI_PageErase
                0x000000000800bb2e       0x56 ./Src/flash_interface.o
                0x000000000800bb2e                FI_PageErase
 .text.FI_CacheFlush
                0x000000000800bb84        0xa ./Src/flash_interface.o
                0x000000000800bb84                FI_CacheFlush
 .text.FI_CheckBankConfig
                0x000000000800bb8e        0xc ./Src/flash_interface.o
                0x000000000800bb8e                FI_CheckBankConfig
 *fill*         0x000000000800bb9a        0x2 
 .text.interfaceWrite
                0x000000000800bb9c      0x50c ./Src/interface.o
                0x000000000800bb9c                interfaceWrite
 .text.interfaceShowActual
                0x000000000800c0a8       0x34 ./Src/interface.o
                0x000000000800c0a8                interfaceShowActual
 .text._interfaceIntToArray
                0x000000000800c0dc       0x78 ./Src/interface.o
                0x000000000800c0dc                _interfaceIntToArray
 .text._interfaceClear
                0x000000000800c154       0x1c ./Src/interface.o
                0x000000000800c154                _interfaceClear
 .text.encoderAction
                0x000000000800c170      0x33c ./Src/interrupts.o
                0x000000000800c170                encoderAction
 .text.GPIO_EXTI_Rising_FallingCallback
                0x000000000800c4ac       0xb0 ./Src/interrupts.o
                0x000000000800c4ac                GPIO_EXTI_Rising_FallingCallback
 .text.HAL_GPIO_EXTI_Falling_Callback
                0x000000000800c55c       0x1e ./Src/interrupts.o
                0x000000000800c55c                HAL_GPIO_EXTI_Falling_Callback
 .text.HAL_GPIO_EXTI_Rising_Callback
                0x000000000800c57a       0x1e ./Src/interrupts.o
                0x000000000800c57a                HAL_GPIO_EXTI_Rising_Callback
 .text.HAL_TIM_PeriodElapsedCallback
                0x000000000800c598       0xb0 ./Src/interrupts.o
                0x000000000800c598                HAL_TIM_PeriodElapsedCallback
 .text.LL_CRC_SetPolynomialSize
                0x000000000800c648       0x24 ./Src/main.o
 .text.LL_CRC_SetInputDataReverseMode
                0x000000000800c66c       0x24 ./Src/main.o
 .text.LL_CRC_SetOutputDataReverseMode
                0x000000000800c690       0x24 ./Src/main.o
 .text.LL_CRC_SetInitialData
                0x000000000800c6b4       0x18 ./Src/main.o
 .text.LL_CRC_SetPolynomialCoef
                0x000000000800c6cc       0x18 ./Src/main.o
 .text.LL_AHB1_GRP1_EnableClock
                0x000000000800c6e4       0x2c ./Src/main.o
 .text.main     0x000000000800c710      0x4cc ./Src/main.o
                0x000000000800c710                main
 .text.SystemClock_Config
                0x000000000800cbdc       0xac ./Src/main.o
                0x000000000800cbdc                SystemClock_Config
 .text.MX_ADC1_Init
                0x000000000800cc88       0xe4 ./Src/main.o
 .text.MX_CRC_Init
                0x000000000800cd6c       0x54 ./Src/main.o
 .text.MX_I2C1_Init
                0x000000000800cdc0       0x80 ./Src/main.o
 .text.MX_RTC_Init
                0x000000000800ce40       0xd8 ./Src/main.o
 .text.MX_TIM1_Init
                0x000000000800cf18       0xb8 ./Src/main.o
 .text.MX_TIM2_Init
                0x000000000800cfd0       0xac ./Src/main.o
 .text.MX_TIM3_Init
                0x000000000800d07c       0xb0 ./Src/main.o
 .text.MX_USART2_UART_Init
                0x000000000800d12c       0x9c ./Src/main.o
 .text.MX_GPIO_Init
                0x000000000800d1c8      0x184 ./Src/main.o
 .text.Error_Handler
                0x000000000800d34c        0xa ./Src/main.o
                0x000000000800d34c                Error_Handler
 .text.menuResetCurrent
                0x000000000800d356       0x52 ./Src/menu.o
                0x000000000800d356                menuResetCurrent
 .text.menuItemChangeValue
                0x000000000800d3a8      0x1a0 ./Src/menu.o
                0x000000000800d3a8                menuItemChangeValue
 .text.menuItemInit
                0x000000000800d548       0xec ./Src/menu.o
                0x000000000800d548                menuItemInit
 .text.menuSwitch
                0x000000000800d634      0x6a2 ./Src/menu.o
                0x000000000800d634                menuSwitch
 *fill*         0x000000000800dcd6        0x2 
 .text.rtcGetTime
                0x000000000800dcd8      0x494 ./Src/rtc.o
                0x000000000800dcd8                rtcGetTime
 .text.rtcSetTime
                0x000000000800e16c       0x7c ./Src/rtc.o
                0x000000000800e16c                rtcSetTime
 .text.rtcStartChrono
                0x000000000800e1e8       0xa8 ./Src/rtc.o
                0x000000000800e1e8                rtcStartChrono
 .text.rtcStopChrono
                0x000000000800e290      0x164 ./Src/rtc.o
                0x000000000800e290                rtcStopChrono
 .text.rtcResumeChrono
                0x000000000800e3f4       0x18 ./Src/rtc.o
                0x000000000800e3f4                rtcResumeChrono
 .text.rtcResetChrono
                0x000000000800e40c       0x48 ./Src/rtc.o
                0x000000000800e40c                rtcResetChrono
 .text.rtcChangeValue
                0x000000000800e454      0x268 ./Src/rtc.o
                0x000000000800e454                rtcChangeValue
 .text.rtcBlink
                0x000000000800e6bc       0x58 ./Src/rtc.o
                0x000000000800e6bc                rtcBlink
 .text.HAL_MspInit
                0x000000000800e714       0x50 ./Src/stm32g0xx_hal_msp.o
                0x000000000800e714                HAL_MspInit
 .text.HAL_ADC_MspInit
                0x000000000800e764       0xb8 ./Src/stm32g0xx_hal_msp.o
                0x000000000800e764                HAL_ADC_MspInit
 .text.HAL_I2C_MspInit
                0x000000000800e81c       0xc4 ./Src/stm32g0xx_hal_msp.o
                0x000000000800e81c                HAL_I2C_MspInit
 .text.HAL_RTC_MspInit
                0x000000000800e8e0       0x7c ./Src/stm32g0xx_hal_msp.o
                0x000000000800e8e0                HAL_RTC_MspInit
 .text.HAL_TIM_Base_MspInit
                0x000000000800e95c       0xfc ./Src/stm32g0xx_hal_msp.o
                0x000000000800e95c                HAL_TIM_Base_MspInit
 .text.HAL_UART_MspInit
                0x000000000800ea58       0xc0 ./Src/stm32g0xx_hal_msp.o
                0x000000000800ea58                HAL_UART_MspInit
 .text.NMI_Handler
                0x000000000800eb18        0x6 ./Src/stm32g0xx_it.o
                0x000000000800eb18                NMI_Handler
 .text.HardFault_Handler
                0x000000000800eb1e        0x6 ./Src/stm32g0xx_it.o
                0x000000000800eb1e                HardFault_Handler
 .text.SVC_Handler
                0x000000000800eb24        0xa ./Src/stm32g0xx_it.o
                0x000000000800eb24                SVC_Handler
 .text.PendSV_Handler
                0x000000000800eb2e        0xa ./Src/stm32g0xx_it.o
                0x000000000800eb2e                PendSV_Handler
 .text.SysTick_Handler
                0x000000000800eb38        0xe ./Src/stm32g0xx_it.o
                0x000000000800eb38                SysTick_Handler
 .text.EXTI2_3_IRQHandler
                0x000000000800eb46       0x10 ./Src/stm32g0xx_it.o
                0x000000000800eb46                EXTI2_3_IRQHandler
 .text.EXTI4_15_IRQHandler
                0x000000000800eb56       0x22 ./Src/stm32g0xx_it.o
                0x000000000800eb56                EXTI4_15_IRQHandler
 .text.TIM1_BRK_UP_TRG_COM_IRQHandler
                0x000000000800eb78       0x18 ./Src/stm32g0xx_it.o
                0x000000000800eb78                TIM1_BRK_UP_TRG_COM_IRQHandler
 .text.TIM1_CC_IRQHandler
                0x000000000800eb90       0x18 ./Src/stm32g0xx_it.o
                0x000000000800eb90                TIM1_CC_IRQHandler
 .text.TIM2_IRQHandler
                0x000000000800eba8       0x18 ./Src/stm32g0xx_it.o
                0x000000000800eba8                TIM2_IRQHandler
 .text.TIM3_IRQHandler
                0x000000000800ebc0       0x18 ./Src/stm32g0xx_it.o
                0x000000000800ebc0                TIM3_IRQHandler
 .text._sbrk    0x000000000800ebd8       0x6c ./Src/sysmem.o
                0x000000000800ebd8                _sbrk
 .text.SystemInit
                0x000000000800ec44        0xa ./Src/system_stm32g0xx.o
                0x000000000800ec44                SystemInit
 *fill*         0x000000000800ec4e        0x2 
 .text.Reset_Handler
                0x000000000800ec50       0x50 ./Startup/startup_stm32g071kbtx.o
                0x000000000800ec50                Reset_Handler
 .text.Default_Handler
                0x000000000800eca0        0x2 ./Startup/startup_stm32g071kbtx.o
                0x000000000800eca0                USART3_4_LPUART1_IRQHandler
                0x000000000800eca0                ADC1_COMP_IRQHandler
                0x000000000800eca0                PVD_IRQHandler
                0x000000000800eca0                I2C1_IRQHandler
                0x000000000800eca0                TIM7_LPTIM2_IRQHandler
                0x000000000800eca0                RTC_TAMP_IRQHandler
                0x000000000800eca0                SPI1_IRQHandler
                0x000000000800eca0                I2C2_IRQHandler
                0x000000000800eca0                TIM17_IRQHandler
                0x000000000800eca0                TIM16_IRQHandler
                0x000000000800eca0                RCC_IRQHandler
                0x000000000800eca0                DMA1_Channel1_IRQHandler
                0x000000000800eca0                Default_Handler
                0x000000000800eca0                CEC_IRQHandler
                0x000000000800eca0                TIM14_IRQHandler
                0x000000000800eca0                TIM15_IRQHandler
                0x000000000800eca0                EXTI0_1_IRQHandler
                0x000000000800eca0                SPI2_IRQHandler
                0x000000000800eca0                TIM6_DAC_LPTIM1_IRQHandler
                0x000000000800eca0                WWDG_IRQHandler
                0x000000000800eca0                DMA1_Ch4_7_DMAMUX1_OVR_IRQHandler
                0x000000000800eca0                DMA1_Channel2_3_IRQHandler
                0x000000000800eca0                UCPD1_2_IRQHandler
                0x000000000800eca0                USART2_IRQHandler
                0x000000000800eca0                FLASH_IRQHandler
                0x000000000800eca0                USART1_IRQHandler
 *fill*         0x000000000800eca2        0x2 
 .text.__errno  0x000000000800eca4        0xc /opt/st/stm32cubeide_1.8.0/plugins/com.st.stm32cube.ide.mcu.externaltools.gnu-tools-for-stm32.9-2020-q2-update.linux64_2.0.0.202105311346/tools/bin/../lib/gcc/arm-none-eabi/9.3.1/../../../../arm-none-eabi/lib/thumb/v6-m/nofp/libc_nano.a(lib_a-errno.o)
                0x000000000800eca4                __errno
 .text.__libc_init_array
                0x000000000800ecb0       0x48 /opt/st/stm32cubeide_1.8.0/plugins/com.st.stm32cube.ide.mcu.externaltools.gnu-tools-for-stm32.9-2020-q2-update.linux64_2.0.0.202105311346/tools/bin/../lib/gcc/arm-none-eabi/9.3.1/../../../../arm-none-eabi/lib/thumb/v6-m/nofp/libc_nano.a(lib_a-init.o)
                0x000000000800ecb0                __libc_init_array
 .text.memcpy   0x000000000800ecf8       0x12 /opt/st/stm32cubeide_1.8.0/plugins/com.st.stm32cube.ide.mcu.externaltools.gnu-tools-for-stm32.9-2020-q2-update.linux64_2.0.0.202105311346/tools/bin/../lib/gcc/arm-none-eabi/9.3.1/../../../../arm-none-eabi/lib/thumb/v6-m/nofp/libc_nano.a(lib_a-memcpy-stub.o)
                0x000000000800ecf8                memcpy
 .text.memset   0x000000000800ed0a       0x10 /opt/st/stm32cubeide_1.8.0/plugins/com.st.stm32cube.ide.mcu.externaltools.gnu-tools-for-stm32.9-2020-q2-update.linux64_2.0.0.202105311346/tools/bin/../lib/gcc/arm-none-eabi/9.3.1/../../../../arm-none-eabi/lib/thumb/v6-m/nofp/libc_nano.a(lib_a-memset.o)
                0x000000000800ed0a                memset
 *fill*         0x000000000800ed1a        0x2 
 .text.sprintf  0x000000000800ed1c       0x40 /opt/st/stm32cubeide_1.8.0/plugins/com.st.stm32cube.ide.mcu.externaltools.gnu-tools-for-stm32.9-2020-q2-update.linux64_2.0.0.202105311346/tools/bin/../lib/gcc/arm-none-eabi/9.3.1/../../../../arm-none-eabi/lib/thumb/v6-m/nofp/libc_nano.a(lib_a-sprintf.o)
                0x000000000800ed1c                sprintf
                0x000000000800ed1c                siprintf
 .text.__ssputs_r
                0x000000000800ed5c       0xc4 /opt/st/stm32cubeide_1.8.0/plugins/com.st.stm32cube.ide.mcu.externaltools.gnu-tools-for-stm32.9-2020-q2-update.linux64_2.0.0.202105311346/tools/bin/../lib/gcc/arm-none-eabi/9.3.1/../../../../arm-none-eabi/lib/thumb/v6-m/nofp/libc_nano.a(lib_a-nano-svfprintf.o)
                0x000000000800ed5c                __ssputs_r
 .text._svfprintf_r
                0x000000000800ee20      0x200 /opt/st/stm32cubeide_1.8.0/plugins/com.st.stm32cube.ide.mcu.externaltools.gnu-tools-for-stm32.9-2020-q2-update.linux64_2.0.0.202105311346/tools/bin/../lib/gcc/arm-none-eabi/9.3.1/../../../../arm-none-eabi/lib/thumb/v6-m/nofp/libc_nano.a(lib_a-nano-svfprintf.o)
                0x000000000800ee20                _svfprintf_r
                0x000000000800ee20                _svfiprintf_r
 .text._printf_common
                0x000000000800f020       0xde /opt/st/stm32cubeide_1.8.0/plugins/com.st.stm32cube.ide.mcu.externaltools.gnu-tools-for-stm32.9-2020-q2-update.linux64_2.0.0.202105311346/tools/bin/../lib/gcc/arm-none-eabi/9.3.1/../../../../arm-none-eabi/lib/thumb/v6-m/nofp/libc_nano.a(lib_a-nano-vfprintf_i.o)
                0x000000000800f020                _printf_common
 *fill*         0x000000000800f0fe        0x2 
 .text._printf_i
                0x000000000800f100      0x224 /opt/st/stm32cubeide_1.8.0/plugins/com.st.stm32cube.ide.mcu.externaltools.gnu-tools-for-stm32.9-2020-q2-update.linux64_2.0.0.202105311346/tools/bin/../lib/gcc/arm-none-eabi/9.3.1/../../../../arm-none-eabi/lib/thumb/v6-m/nofp/libc_nano.a(lib_a-nano-vfprintf_i.o)
                0x000000000800f100                _printf_i
 .text.memchr   0x000000000800f324       0x16 /opt/st/stm32cubeide_1.8.0/plugins/com.st.stm32cube.ide.mcu.externaltools.gnu-tools-for-stm32.9-2020-q2-update.linux64_2.0.0.202105311346/tools/bin/../lib/gcc/arm-none-eabi/9.3.1/../../../../arm-none-eabi/lib/thumb/v6-m/nofp/libc_nano.a(lib_a-memchr-stub.o)
                0x000000000800f324                memchr
 .text.memmove  0x000000000800f33a       0x26 /opt/st/stm32cubeide_1.8.0/plugins/com.st.stm32cube.ide.mcu.externaltools.gnu-tools-for-stm32.9-2020-q2-update.linux64_2.0.0.202105311346/tools/bin/../lib/gcc/arm-none-eabi/9.3.1/../../../../arm-none-eabi/lib/thumb/v6-m/nofp/libc_nano.a(lib_a-memmove.o)
                0x000000000800f33a                memmove
 .text._free_r  0x000000000800f360       0x94 /opt/st/stm32cubeide_1.8.0/plugins/com.st.stm32cube.ide.mcu.externaltools.gnu-tools-for-stm32.9-2020-q2-update.linux64_2.0.0.202105311346/tools/bin/../lib/gcc/arm-none-eabi/9.3.1/../../../../arm-none-eabi/lib/thumb/v6-m/nofp/libc_nano.a(lib_a-nano-freer.o)
                0x000000000800f360                _free_r
 .text._malloc_r
                0x000000000800f3f4       0xbc /opt/st/stm32cubeide_1.8.0/plugins/com.st.stm32cube.ide.mcu.externaltools.gnu-tools-for-stm32.9-2020-q2-update.linux64_2.0.0.202105311346/tools/bin/../lib/gcc/arm-none-eabi/9.3.1/../../../../arm-none-eabi/lib/thumb/v6-m/nofp/libc_nano.a(lib_a-nano-mallocr.o)
                0x000000000800f3f4                _malloc_r
 .text._realloc_r
                0x000000000800f4b0       0x4c /opt/st/stm32cubeide_1.8.0/plugins/com.st.stm32cube.ide.mcu.externaltools.gnu-tools-for-stm32.9-2020-q2-update.linux64_2.0.0.202105311346/tools/bin/../lib/gcc/arm-none-eabi/9.3.1/../../../../arm-none-eabi/lib/thumb/v6-m/nofp/libc_nano.a(lib_a-nano-reallocr.o)
                0x000000000800f4b0                _realloc_r
 .text._sbrk_r  0x000000000800f4fc       0x24 /opt/st/stm32cubeide_1.8.0/plugins/com.st.stm32cube.ide.mcu.externaltools.gnu-tools-for-stm32.9-2020-q2-update.linux64_2.0.0.202105311346/tools/bin/../lib/gcc/arm-none-eabi/9.3.1/../../../../arm-none-eabi/lib/thumb/v6-m/nofp/libc_nano.a(lib_a-sbrkr.o)
                0x000000000800f4fc                _sbrk_r
 .text.__malloc_lock
                0x000000000800f520       0x10 /opt/st/stm32cubeide_1.8.0/plugins/com.st.stm32cube.ide.mcu.externaltools.gnu-tools-for-stm32.9-2020-q2-update.linux64_2.0.0.202105311346/tools/bin/../lib/gcc/arm-none-eabi/9.3.1/../../../../arm-none-eabi/lib/thumb/v6-m/nofp/libc_nano.a(lib_a-mlock.o)
                0x000000000800f520                __malloc_lock
 .text.__malloc_unlock
                0x000000000800f530       0x10 /opt/st/stm32cubeide_1.8.0/plugins/com.st.stm32cube.ide.mcu.externaltools.gnu-tools-for-stm32.9-2020-q2-update.linux64_2.0.0.202105311346/tools/bin/../lib/gcc/arm-none-eabi/9.3.1/../../../../arm-none-eabi/lib/thumb/v6-m/nofp/libc_nano.a(lib_a-mlock.o)
                0x000000000800f530                __malloc_unlock
 .text._malloc_usable_size_r
                0x000000000800f540       0x10 /opt/st/stm32cubeide_1.8.0/plugins/com.st.stm32cube.ide.mcu.externaltools.gnu-tools-for-stm32.9-2020-q2-update.linux64_2.0.0.202105311346/tools/bin/../lib/gcc/arm-none-eabi/9.3.1/../../../../arm-none-eabi/lib/thumb/v6-m/nofp/libc_nano.a(lib_a-nano-msizer.o)
                0x000000000800f540                _malloc_usable_size_r
 .text.__retarget_lock_acquire_recursive
                0x000000000800f550        0x2 /opt/st/stm32cubeide_1.8.0/plugins/com.st.stm32cube.ide.mcu.externaltools.gnu-tools-for-stm32.9-2020-q2-update.linux64_2.0.0.202105311346/tools/bin/../lib/gcc/arm-none-eabi/9.3.1/../../../../arm-none-eabi/lib/thumb/v6-m/nofp/libc_nano.a(lib_a-lock.o)
                0x000000000800f550                __retarget_lock_acquire_recursive
 .text.__retarget_lock_release_recursive
                0x000000000800f552        0x2 /opt/st/stm32cubeide_1.8.0/plugins/com.st.stm32cube.ide.mcu.externaltools.gnu-tools-for-stm32.9-2020-q2-update.linux64_2.0.0.202105311346/tools/bin/../lib/gcc/arm-none-eabi/9.3.1/../../../../arm-none-eabi/lib/thumb/v6-m/nofp/libc_nano.a(lib_a-lock.o)
                0x000000000800f552                __retarget_lock_release_recursive
 .text.log      0x000000000800f554       0x7c /opt/st/stm32cubeide_1.8.0/plugins/com.st.stm32cube.ide.mcu.externaltools.gnu-tools-for-stm32.9-2020-q2-update.linux64_2.0.0.202105311346/tools/bin/../lib/gcc/arm-none-eabi/9.3.1/../../../../arm-none-eabi/lib/thumb/v6-m/nofp/libm.a(lib_a-w_log.o)
                0x000000000800f554                log
 .text.__ieee754_log
                0x000000000800f5d0      0x360 /opt/st/stm32cubeide_1.8.0/plugins/com.st.stm32cube.ide.mcu.externaltools.gnu-tools-for-stm32.9-2020-q2-update.linux64_2.0.0.202105311346/tools/bin/../lib/gcc/arm-none-eabi/9.3.1/../../../../arm-none-eabi/lib/thumb/v6-m/nofp/libm.a(lib_a-e_log.o)
                0x000000000800f5d0                __ieee754_log
 .text.nan      0x000000000800f930        0xc /opt/st/stm32cubeide_1.8.0/plugins/com.st.stm32cube.ide.mcu.externaltools.gnu-tools-for-stm32.9-2020-q2-update.linux64_2.0.0.202105311346/tools/bin/../lib/gcc/arm-none-eabi/9.3.1/../../../../arm-none-eabi/lib/thumb/v6-m/nofp/libm.a(lib_a-s_nan.o)
                0x000000000800f930                nan
 *(.glue_7)
 .glue_7        0x000000000800f93c        0x0 linker stubs
 *(.glue_7t)
 .glue_7t       0x000000000800f93c        0x0 linker stubs
 *(.eh_frame)
 .eh_frame      0x000000000800f93c        0x0 /opt/st/stm32cubeide_1.8.0/plugins/com.st.stm32cube.ide.mcu.externaltools.gnu-tools-for-stm32.9-2020-q2-update.linux64_2.0.0.202105311346/tools/bin/../lib/gcc/arm-none-eabi/9.3.1/thumb/v6-m/nofp/crtbegin.o
 *(.init)
 .init          0x000000000800f93c        0x4 /opt/st/stm32cubeide_1.8.0/plugins/com.st.stm32cube.ide.mcu.externaltools.gnu-tools-for-stm32.9-2020-q2-update.linux64_2.0.0.202105311346/tools/bin/../lib/gcc/arm-none-eabi/9.3.1/thumb/v6-m/nofp/crti.o
                0x000000000800f93c                _init
 .init          0x000000000800f940        0x8 /opt/st/stm32cubeide_1.8.0/plugins/com.st.stm32cube.ide.mcu.externaltools.gnu-tools-for-stm32.9-2020-q2-update.linux64_2.0.0.202105311346/tools/bin/../lib/gcc/arm-none-eabi/9.3.1/thumb/v6-m/nofp/crtn.o
 *(.fini)
 .fini          0x000000000800f948        0x4 /opt/st/stm32cubeide_1.8.0/plugins/com.st.stm32cube.ide.mcu.externaltools.gnu-tools-for-stm32.9-2020-q2-update.linux64_2.0.0.202105311346/tools/bin/../lib/gcc/arm-none-eabi/9.3.1/thumb/v6-m/nofp/crti.o
                0x000000000800f948                _fini
 .fini          0x000000000800f94c        0x8 /opt/st/stm32cubeide_1.8.0/plugins/com.st.stm32cube.ide.mcu.externaltools.gnu-tools-for-stm32.9-2020-q2-update.linux64_2.0.0.202105311346/tools/bin/../lib/gcc/arm-none-eabi/9.3.1/thumb/v6-m/nofp/crtn.o
 *fill*         0x000000000800f954        0x4 
 .fini.__stub   0x000000000800f958       0x10 linker stubs
                0x000000000800f968                . = ALIGN (0x4)
                0x000000000800f968                _etext = .

.vfp11_veneer   0x000000000800f968        0x0
 .vfp11_veneer  0x000000000800f968        0x0 linker stubs

.v4_bx          0x000000000800f968        0x0
 .v4_bx         0x000000000800f968        0x0 linker stubs

.iplt           0x000000000800f968        0x0
 .iplt          0x000000000800f968        0x0 /opt/st/stm32cubeide_1.8.0/plugins/com.st.stm32cube.ide.mcu.externaltools.gnu-tools-for-stm32.9-2020-q2-update.linux64_2.0.0.202105311346/tools/bin/../lib/gcc/arm-none-eabi/9.3.1/thumb/v6-m/nofp/crtbegin.o

.rodata         0x000000000800f968      0x404
                0x000000000800f968                . = ALIGN (0x4)
 *(.rodata)
 .rodata        0x000000000800f968        0xb ./Src/interface.o
 *fill*         0x000000000800f973        0x1 
 .rodata        0x000000000800f974       0x41 ./Src/main.o
 *fill*         0x000000000800f9b5        0x3 
 .rodata        0x000000000800f9b8       0x80 /opt/st/stm32cubeide_1.8.0/plugins/com.st.stm32cube.ide.mcu.externaltools.gnu-tools-for-stm32.9-2020-q2-update.linux64_2.0.0.202105311346/tools/bin/../lib/gcc/arm-none-eabi/9.3.1/thumb/v6-m/nofp/libgcc.a(divsf3.o)
 .rodata        0x000000000800fa38       0x40 /opt/st/stm32cubeide_1.8.0/plugins/com.st.stm32cube.ide.mcu.externaltools.gnu-tools-for-stm32.9-2020-q2-update.linux64_2.0.0.202105311346/tools/bin/../lib/gcc/arm-none-eabi/9.3.1/thumb/v6-m/nofp/libgcc.a(mulsf3.o)
 .rodata        0x000000000800fa78       0x40 /opt/st/stm32cubeide_1.8.0/plugins/com.st.stm32cube.ide.mcu.externaltools.gnu-tools-for-stm32.9-2020-q2-update.linux64_2.0.0.202105311346/tools/bin/../lib/gcc/arm-none-eabi/9.3.1/thumb/v6-m/nofp/libgcc.a(divdf3.o)
 .rodata        0x000000000800fab8       0x40 /opt/st/stm32cubeide_1.8.0/plugins/com.st.stm32cube.ide.mcu.externaltools.gnu-tools-for-stm32.9-2020-q2-update.linux64_2.0.0.202105311346/tools/bin/../lib/gcc/arm-none-eabi/9.3.1/thumb/v6-m/nofp/libgcc.a(muldf3.o)
 *(.rodata*)
 .rodata.UARTPrescTable
                0x000000000800faf8       0x18 ./Drivers/STM32G0xx_HAL_Driver/Src/stm32g0xx_hal_uart.o
                0x000000000800faf8                UARTPrescTable
 .rodata.numerator.8546
                0x000000000800fb10        0x8 ./Drivers/STM32G0xx_HAL_Driver/Src/stm32g0xx_hal_uart_ex.o
 .rodata.denominator.8547
                0x000000000800fb18        0x8 ./Drivers/STM32G0xx_HAL_Driver/Src/stm32g0xx_hal_uart_ex.o
 .rodata._LEDwriteCharacter
                0x000000000800fb20      0x148 ./Src/7seg.o
 .rodata.encoderAction
                0x000000000800fc68       0x40 ./Src/interrupts.o
 .rodata.rtcChangeValue
                0x000000000800fca8       0x30 ./Src/rtc.o
 .rodata.AHBPrescTable
                0x000000000800fcd8       0x40 ./Src/system_stm32g0xx.o
                0x000000000800fcd8                AHBPrescTable
 .rodata.APBPrescTable
                0x000000000800fd18       0x20 ./Src/system_stm32g0xx.o
                0x000000000800fd18                APBPrescTable
 .rodata._svfprintf_r.str1.1
                0x000000000800fd38       0x11 /opt/st/stm32cubeide_1.8.0/plugins/com.st.stm32cube.ide.mcu.externaltools.gnu-tools-for-stm32.9-2020-q2-update.linux64_2.0.0.202105311346/tools/bin/../lib/gcc/arm-none-eabi/9.3.1/../../../../arm-none-eabi/lib/thumb/v6-m/nofp/libc_nano.a(lib_a-nano-svfprintf.o)
 .rodata._printf_i.str1.1
                0x000000000800fd49       0x22 /opt/st/stm32cubeide_1.8.0/plugins/com.st.stm32cube.ide.mcu.externaltools.gnu-tools-for-stm32.9-2020-q2-update.linux64_2.0.0.202105311346/tools/bin/../lib/gcc/arm-none-eabi/9.3.1/../../../../arm-none-eabi/lib/thumb/v6-m/nofp/libc_nano.a(lib_a-nano-vfprintf_i.o)
 .rodata.log.str1.1
                0x000000000800fd6b       0x22 /opt/st/stm32cubeide_1.8.0/plugins/com.st.stm32cube.ide.mcu.externaltools.gnu-tools-for-stm32.9-2020-q2-update.linux64_2.0.0.202105311346/tools/bin/../lib/gcc/arm-none-eabi/9.3.1/../../../../arm-none-eabi/lib/thumb/v6-m/nofp/libm.a(lib_a-w_log.o)
                                          0x1 (size before relaxing)
                0x000000000800fd90                . = ALIGN (0x4)
 *fill*         0x000000000800fd6b        0x1 

.ARM.extab      0x000000000800fd6c        0x0
                0x000000000800fd6c                . = ALIGN (0x4)
 *(.ARM.extab* .gnu.linkonce.armextab.*)
                0x000000000800fd6c                . = ALIGN (0x4)

.ARM            0x000000000800fd6c        0x8
                0x000000000800fd6c                . = ALIGN (0x4)
                0x000000000800fd6c                __exidx_start = .
 *(.ARM.exidx*)
 .ARM.exidx     0x000000000800fd6c        0x8 /opt/st/stm32cubeide_1.8.0/plugins/com.st.stm32cube.ide.mcu.externaltools.gnu-tools-for-stm32.9-2020-q2-update.linux64_2.0.0.202105311346/tools/bin/../lib/gcc/arm-none-eabi/9.3.1/thumb/v6-m/nofp/libgcc.a(_udivmoddi4.o)
 .ARM.exidx     0x000000000800fd74        0x0 /opt/st/stm32cubeide_1.8.0/plugins/com.st.stm32cube.ide.mcu.externaltools.gnu-tools-for-stm32.9-2020-q2-update.linux64_2.0.0.202105311346/tools/bin/../lib/gcc/arm-none-eabi/9.3.1/thumb/v6-m/nofp/libgcc.a(_divdi3.o)
                                          0x8 (size before relaxing)
                0x000000000800fd74                __exidx_end = .
                0x000000000800fd74                . = ALIGN (0x4)

.rel.dyn        0x000000000800fd74        0x0
 .rel.iplt      0x000000000800fd74        0x0 /opt/st/stm32cubeide_1.8.0/plugins/com.st.stm32cube.ide.mcu.externaltools.gnu-tools-for-stm32.9-2020-q2-update.linux64_2.0.0.202105311346/tools/bin/../lib/gcc/arm-none-eabi/9.3.1/thumb/v6-m/nofp/crtbegin.o

.preinit_array  0x000000000800fd74        0x0
                0x000000000800fd74                . = ALIGN (0x4)
                0x000000000800fd74                PROVIDE (__preinit_array_start = .)
 *(.preinit_array*)
                0x000000000800fd74                PROVIDE (__preinit_array_end = .)
                0x000000000800fd74                . = ALIGN (0x4)

.init_array     0x000000000800fd74        0x4
                0x000000000800fd74                . = ALIGN (0x4)
                0x000000000800fd74                PROVIDE (__init_array_start = .)
 *(SORT_BY_NAME(.init_array.*))
 *(.init_array*)
 .init_array    0x000000000800fd74        0x4 /opt/st/stm32cubeide_1.8.0/plugins/com.st.stm32cube.ide.mcu.externaltools.gnu-tools-for-stm32.9-2020-q2-update.linux64_2.0.0.202105311346/tools/bin/../lib/gcc/arm-none-eabi/9.3.1/thumb/v6-m/nofp/crtbegin.o
                0x000000000800fd78                PROVIDE (__init_array_end = .)
                0x000000000800fd78                . = ALIGN (0x4)

.fini_array     0x000000000800fd78        0x4
                0x000000000800fd78                . = ALIGN (0x4)
                [!provide]                        PROVIDE (__fini_array_start = .)
 *(SORT_BY_NAME(.fini_array.*))
 *(.fini_array*)
 .fini_array    0x000000000800fd78        0x4 /opt/st/stm32cubeide_1.8.0/plugins/com.st.stm32cube.ide.mcu.externaltools.gnu-tools-for-stm32.9-2020-q2-update.linux64_2.0.0.202105311346/tools/bin/../lib/gcc/arm-none-eabi/9.3.1/thumb/v6-m/nofp/crtbegin.o
                [!provide]                        PROVIDE (__fini_array_end = .)
                0x000000000800fd7c                . = ALIGN (0x4)
                0x000000000800fd7c                _sidata = LOADADDR (.data)

.data           0x0000000020000000      0x100 load address 0x000000000800fd7c
                0x0000000020000000                . = ALIGN (0x4)
                0x0000000020000000                _sdata = .
 *(.data)
 *(.data*)
 .data.uwTickPrio
                0x0000000020000000        0x4 ./Drivers/STM32G0xx_HAL_Driver/Src/stm32g0xx_hal.o
                0x0000000020000000                uwTickPrio
 .data.uwTickFreq
                0x0000000020000004        0x1 ./Drivers/STM32G0xx_HAL_Driver/Src/stm32g0xx_hal.o
                0x0000000020000004                uwTickFreq
 *fill*         0x0000000020000005        0x3 
 .data.uwAddressNextWrite
                0x0000000020000008        0x4 ./Src/eeprom_emul.o
                0x0000000020000008                uwAddressNextWrite
 .data.SystemCoreClock
                0x000000002000000c        0x4 ./Src/system_stm32g0xx.o
                0x000000002000000c                SystemCoreClock
 .data._impure_ptr
                0x0000000020000010        0x4 /opt/st/stm32cubeide_1.8.0/plugins/com.st.stm32cube.ide.mcu.externaltools.gnu-tools-for-stm32.9-2020-q2-update.linux64_2.0.0.202105311346/tools/bin/../lib/gcc/arm-none-eabi/9.3.1/../../../../arm-none-eabi/lib/thumb/v6-m/nofp/libc_nano.a(lib_a-impure.o)
                0x0000000020000010                _impure_ptr
 .data.impure_data
                0x0000000020000014       0x60 /opt/st/stm32cubeide_1.8.0/plugins/com.st.stm32cube.ide.mcu.externaltools.gnu-tools-for-stm32.9-2020-q2-update.linux64_2.0.0.202105311346/tools/bin/../lib/gcc/arm-none-eabi/9.3.1/../../../../arm-none-eabi/lib/thumb/v6-m/nofp/libc_nano.a(lib_a-impure.o)
 .data.__fdlib_version
                0x0000000020000074        0x1 /opt/st/stm32cubeide_1.8.0/plugins/com.st.stm32cube.ide.mcu.externaltools.gnu-tools-for-stm32.9-2020-q2-update.linux64_2.0.0.202105311346/tools/bin/../lib/gcc/arm-none-eabi/9.3.1/../../../../arm-none-eabi/lib/thumb/v6-m/nofp/libm.a(lib_a-s_lib_ver.o)
                0x0000000020000074                __fdlib_version
 *(.RamFunc)
 *fill*         0x0000000020000075        0x3 
 .RamFunc       0x0000000020000078       0x88 ./Drivers/STM32G0xx_HAL_Driver/Src/stm32g0xx_hal_flash.o
 *(.RamFunc*)
                0x0000000020000100                . = ALIGN (0x4)
                0x0000000020000100                _edata = .

.igot.plt       0x0000000020000100        0x0 load address 0x000000000800fe7c
 .igot.plt      0x0000000020000100        0x0 /opt/st/stm32cubeide_1.8.0/plugins/com.st.stm32cube.ide.mcu.externaltools.gnu-tools-for-stm32.9-2020-q2-update.linux64_2.0.0.202105311346/tools/bin/../lib/gcc/arm-none-eabi/9.3.1/thumb/v6-m/nofp/crtbegin.o
                0x0000000020000100                . = ALIGN (0x4)

.bss            0x0000000020000100      0x544 load address 0x000000000800fe7c
                0x0000000020000100                _sbss = .
                0x0000000020000100                __bss_start__ = _sbss
 *(.bss)
 .bss           0x0000000020000100       0x1c /opt/st/stm32cubeide_1.8.0/plugins/com.st.stm32cube.ide.mcu.externaltools.gnu-tools-for-stm32.9-2020-q2-update.linux64_2.0.0.202105311346/tools/bin/../lib/gcc/arm-none-eabi/9.3.1/thumb/v6-m/nofp/crtbegin.o
 *(.bss*)
 .bss.pFlash    0x000000002000011c       0x1c ./Drivers/STM32G0xx_HAL_Driver/Src/stm32g0xx_hal_flash.o
                0x000000002000011c                pFlash
 .bss.uhNbWrittenElements
                0x0000000020000138        0x2 ./Src/eeprom_emul.o
                0x0000000020000138                uhNbWrittenElements
 .bss.ubCurrentActivePage
                0x000000002000013a        0x1 ./Src/eeprom_emul.o
                0x000000002000013a                ubCurrentActivePage
 *fill*         0x000000002000013b        0x1 
 .bss.AddressRead
                0x000000002000013c        0x4 ./Src/eeprom_emul.o
                0x000000002000013c                AddressRead
 .bss.CleanupPhase
                0x0000000020000140        0x1 ./Src/eeprom_emul.o
                0x0000000020000140                CleanupPhase
 *fill*         0x0000000020000141        0x3 
 .bss.__sbrk_heap_end
                0x0000000020000144        0x4 ./Src/sysmem.o
 .bss.__malloc_free_list
                0x0000000020000148        0x4 /opt/st/stm32cubeide_1.8.0/plugins/com.st.stm32cube.ide.mcu.externaltools.gnu-tools-for-stm32.9-2020-q2-update.linux64_2.0.0.202105311346/tools/bin/../lib/gcc/arm-none-eabi/9.3.1/../../../../arm-none-eabi/lib/thumb/v6-m/nofp/libc_nano.a(lib_a-nano-mallocr.o)
                0x0000000020000148                __malloc_free_list
 .bss.__malloc_sbrk_start
                0x000000002000014c        0x4 /opt/st/stm32cubeide_1.8.0/plugins/com.st.stm32cube.ide.mcu.externaltools.gnu-tools-for-stm32.9-2020-q2-update.linux64_2.0.0.202105311346/tools/bin/../lib/gcc/arm-none-eabi/9.3.1/../../../../arm-none-eabi/lib/thumb/v6-m/nofp/libc_nano.a(lib_a-nano-mallocr.o)
                0x000000002000014c                __malloc_sbrk_start
 *(COMMON)
 COMMON         0x0000000020000150        0x4 ./Drivers/STM32G0xx_HAL_Driver/Src/stm32g0xx_hal.o
                0x0000000020000150                uwTick
 COMMON         0x0000000020000154       0x19 ./Src/backup.o
                0x0000000020000154                Date
                0x0000000020000158                Time
                0x000000002000016c                eeStatus
 *fill*         0x000000002000016d        0x3 
 COMMON         0x0000000020000170       0x12 ./Src/interface.o
                0x0000000020000170                temperature
                0x0000000020000174                buffer
                0x000000002000017c                temperatureCorrection
                0x0000000020000180                flags
 *fill*         0x0000000020000182        0x2 
 COMMON         0x0000000020000184      0x4b0 ./Src/main.o
                0x0000000020000184                menu
                0x0000000020000300                hi2c1
                0x000000002000034c                chronograph
                0x0000000020000374                display
                0x00000000200003e8                htim3
                0x0000000020000434                hadc1
                0x0000000020000498                bme280
                0x00000000200004e0                hrtc
                0x000000002000050c                htim1
                0x0000000020000558                htim2
                0x00000000200005a4                huart2
 COMMON         0x0000000020000634        0x4 /opt/st/stm32cubeide_1.8.0/plugins/com.st.stm32cube.ide.mcu.externaltools.gnu-tools-for-stm32.9-2020-q2-update.linux64_2.0.0.202105311346/tools/bin/../lib/gcc/arm-none-eabi/9.3.1/../../../../arm-none-eabi/lib/thumb/v6-m/nofp/libc_nano.a(lib_a-reent.o)
                0x0000000020000634                errno
 COMMON         0x0000000020000638        0x9 /opt/st/stm32cubeide_1.8.0/plugins/com.st.stm32cube.ide.mcu.externaltools.gnu-tools-for-stm32.9-2020-q2-update.linux64_2.0.0.202105311346/tools/bin/../lib/gcc/arm-none-eabi/9.3.1/../../../../arm-none-eabi/lib/thumb/v6-m/nofp/libc_nano.a(lib_a-lock.o)
                0x0000000020000638                __lock___atexit_recursive_mutex
                0x0000000020000639                __lock___arc4random_mutex
                0x000000002000063a                __lock___env_recursive_mutex
                0x000000002000063b                __lock___sinit_recursive_mutex
                0x000000002000063c                __lock___malloc_recursive_mutex
                0x000000002000063d                __lock___at_quick_exit_mutex
                0x000000002000063e                __lock___dd_hash_mutex
                0x000000002000063f                __lock___tz_mutex
                0x0000000020000640                __lock___sfp_recursive_mutex
                0x0000000020000644                . = ALIGN (0x4)
 *fill*         0x0000000020000641        0x3 
                0x0000000020000644                _ebss = .
                0x0000000020000644                __bss_end__ = _ebss

._user_heap_stack
                0x0000000020000644      0x604 load address 0x000000000800fe7c
                0x0000000020000648                . = ALIGN (0x8)
 *fill*         0x0000000020000644        0x4 
                [!provide]                        PROVIDE (end = .)
                0x0000000020000648                PROVIDE (_end = .)
                0x0000000020000848                . = (. + _Min_Heap_Size)
 *fill*         0x0000000020000648      0x200 
                0x0000000020000c48                . = (. + _Min_Stack_Size)
 *fill*         0x0000000020000848      0x400 
                0x0000000020000c48                . = ALIGN (0x8)

/DISCARD/
 libc.a(*)
 libm.a(*)
 libgcc.a(*)

.ARM.attributes
                0x0000000000000000       0x28
 *(.ARM.attributes)
 .ARM.attributes
                0x0000000000000000       0x1e /opt/st/stm32cubeide_1.8.0/plugins/com.st.stm32cube.ide.mcu.externaltools.gnu-tools-for-stm32.9-2020-q2-update.linux64_2.0.0.202105311346/tools/bin/../lib/gcc/arm-none-eabi/9.3.1/thumb/v6-m/nofp/crti.o
 .ARM.attributes
                0x000000000000001e       0x2c /opt/st/stm32cubeide_1.8.0/plugins/com.st.stm32cube.ide.mcu.externaltools.gnu-tools-for-stm32.9-2020-q2-update.linux64_2.0.0.202105311346/tools/bin/../lib/gcc/arm-none-eabi/9.3.1/thumb/v6-m/nofp/crtbegin.o
 .ARM.attributes
                0x000000000000004a       0x2c ./Drivers/STM32G0xx_HAL_Driver/Src/stm32g0xx_hal.o
 .ARM.attributes
                0x0000000000000076       0x2c ./Drivers/STM32G0xx_HAL_Driver/Src/stm32g0xx_hal_adc.o
 .ARM.attributes
                0x00000000000000a2       0x2c ./Drivers/STM32G0xx_HAL_Driver/Src/stm32g0xx_hal_adc_ex.o
 .ARM.attributes
                0x00000000000000ce       0x2c ./Drivers/STM32G0xx_HAL_Driver/Src/stm32g0xx_hal_cortex.o
 .ARM.attributes
                0x00000000000000fa       0x2c ./Drivers/STM32G0xx_HAL_Driver/Src/stm32g0xx_hal_flash.o
 .ARM.attributes
                0x0000000000000126       0x2c ./Drivers/STM32G0xx_HAL_Driver/Src/stm32g0xx_hal_flash_ex.o
 .ARM.attributes
                0x0000000000000152       0x2c ./Drivers/STM32G0xx_HAL_Driver/Src/stm32g0xx_hal_gpio.o
 .ARM.attributes
                0x000000000000017e       0x2c ./Drivers/STM32G0xx_HAL_Driver/Src/stm32g0xx_hal_i2c.o
 .ARM.attributes
                0x00000000000001aa       0x2c ./Drivers/STM32G0xx_HAL_Driver/Src/stm32g0xx_hal_i2c_ex.o
 .ARM.attributes
                0x00000000000001d6       0x2c ./Drivers/STM32G0xx_HAL_Driver/Src/stm32g0xx_hal_pwr.o
 .ARM.attributes
                0x0000000000000202       0x2c ./Drivers/STM32G0xx_HAL_Driver/Src/stm32g0xx_hal_pwr_ex.o
 .ARM.attributes
                0x000000000000022e       0x2c ./Drivers/STM32G0xx_HAL_Driver/Src/stm32g0xx_hal_rcc.o
 .ARM.attributes
                0x000000000000025a       0x2c ./Drivers/STM32G0xx_HAL_Driver/Src/stm32g0xx_hal_rcc_ex.o
 .ARM.attributes
                0x0000000000000286       0x2c ./Drivers/STM32G0xx_HAL_Driver/Src/stm32g0xx_hal_rtc.o
 .ARM.attributes
                0x00000000000002b2       0x2c ./Drivers/STM32G0xx_HAL_Driver/Src/stm32g0xx_hal_tim.o
 .ARM.attributes
                0x00000000000002de       0x2c ./Drivers/STM32G0xx_HAL_Driver/Src/stm32g0xx_hal_tim_ex.o
 .ARM.attributes
                0x000000000000030a       0x2c ./Drivers/STM32G0xx_HAL_Driver/Src/stm32g0xx_hal_uart.o
 .ARM.attributes
                0x0000000000000336       0x2c ./Drivers/STM32G0xx_HAL_Driver/Src/stm32g0xx_hal_uart_ex.o
 .ARM.attributes
                0x0000000000000362       0x2c ./Src/7seg.o
 .ARM.attributes
                0x000000000000038e       0x2c ./Src/adc.o
 .ARM.attributes
                0x00000000000003ba       0x2c ./Src/backup.o
 .ARM.attributes
                0x00000000000003e6       0x2c ./Src/bme280.o
 .ARM.attributes
                0x0000000000000412       0x2c ./Src/eeprom_emul.o
 .ARM.attributes
                0x000000000000043e       0x2c ./Src/flash_interface.o
 .ARM.attributes
                0x000000000000046a       0x2c ./Src/interface.o
 .ARM.attributes
                0x0000000000000496       0x2c ./Src/interrupts.o
 .ARM.attributes
                0x00000000000004c2       0x2c ./Src/main.o
 .ARM.attributes
                0x00000000000004ee       0x2c ./Src/menu.o
 .ARM.attributes
                0x000000000000051a       0x2c ./Src/rtc.o
 .ARM.attributes
                0x0000000000000546       0x2c ./Src/stm32g0xx_hal_msp.o
 .ARM.attributes
                0x0000000000000572       0x2c ./Src/stm32g0xx_it.o
 .ARM.attributes
                0x000000000000059e       0x2c ./Src/sysmem.o
 .ARM.attributes
                0x00000000000005ca       0x2c ./Src/system_stm32g0xx.o
 .ARM.attributes
                0x00000000000005f6       0x22 ./Startup/startup_stm32g071kbtx.o
 .ARM.attributes
                0x0000000000000618       0x2c /opt/st/stm32cubeide_1.8.0/plugins/com.st.stm32cube.ide.mcu.externaltools.gnu-tools-for-stm32.9-2020-q2-update.linux64_2.0.0.202105311346/tools/bin/../lib/gcc/arm-none-eabi/9.3.1/../../../../arm-none-eabi/lib/thumb/v6-m/nofp/libc_nano.a(lib_a-errno.o)
 .ARM.attributes
                0x0000000000000644       0x2c /opt/st/stm32cubeide_1.8.0/plugins/com.st.stm32cube.ide.mcu.externaltools.gnu-tools-for-stm32.9-2020-q2-update.linux64_2.0.0.202105311346/tools/bin/../lib/gcc/arm-none-eabi/9.3.1/../../../../arm-none-eabi/lib/thumb/v6-m/nofp/libc_nano.a(lib_a-impure.o)
 .ARM.attributes
                0x0000000000000670       0x2c /opt/st/stm32cubeide_1.8.0/plugins/com.st.stm32cube.ide.mcu.externaltools.gnu-tools-for-stm32.9-2020-q2-update.linux64_2.0.0.202105311346/tools/bin/../lib/gcc/arm-none-eabi/9.3.1/../../../../arm-none-eabi/lib/thumb/v6-m/nofp/libc_nano.a(lib_a-init.o)
 .ARM.attributes
                0x000000000000069c       0x2c /opt/st/stm32cubeide_1.8.0/plugins/com.st.stm32cube.ide.mcu.externaltools.gnu-tools-for-stm32.9-2020-q2-update.linux64_2.0.0.202105311346/tools/bin/../lib/gcc/arm-none-eabi/9.3.1/../../../../arm-none-eabi/lib/thumb/v6-m/nofp/libc_nano.a(lib_a-memcpy-stub.o)
 .ARM.attributes
                0x00000000000006c8       0x2c /opt/st/stm32cubeide_1.8.0/plugins/com.st.stm32cube.ide.mcu.externaltools.gnu-tools-for-stm32.9-2020-q2-update.linux64_2.0.0.202105311346/tools/bin/../lib/gcc/arm-none-eabi/9.3.1/../../../../arm-none-eabi/lib/thumb/v6-m/nofp/libc_nano.a(lib_a-memset.o)
 .ARM.attributes
                0x00000000000006f4       0x2c /opt/st/stm32cubeide_1.8.0/plugins/com.st.stm32cube.ide.mcu.externaltools.gnu-tools-for-stm32.9-2020-q2-update.linux64_2.0.0.202105311346/tools/bin/../lib/gcc/arm-none-eabi/9.3.1/../../../../arm-none-eabi/lib/thumb/v6-m/nofp/libc_nano.a(lib_a-sprintf.o)
 .ARM.attributes
                0x0000000000000720       0x2c /opt/st/stm32cubeide_1.8.0/plugins/com.st.stm32cube.ide.mcu.externaltools.gnu-tools-for-stm32.9-2020-q2-update.linux64_2.0.0.202105311346/tools/bin/../lib/gcc/arm-none-eabi/9.3.1/../../../../arm-none-eabi/lib/thumb/v6-m/nofp/libc_nano.a(lib_a-nano-svfprintf.o)
 .ARM.attributes
                0x000000000000074c       0x2c /opt/st/stm32cubeide_1.8.0/plugins/com.st.stm32cube.ide.mcu.externaltools.gnu-tools-for-stm32.9-2020-q2-update.linux64_2.0.0.202105311346/tools/bin/../lib/gcc/arm-none-eabi/9.3.1/../../../../arm-none-eabi/lib/thumb/v6-m/nofp/libc_nano.a(lib_a-nano-vfprintf_i.o)
 .ARM.attributes
                0x0000000000000778       0x2c /opt/st/stm32cubeide_1.8.0/plugins/com.st.stm32cube.ide.mcu.externaltools.gnu-tools-for-stm32.9-2020-q2-update.linux64_2.0.0.202105311346/tools/bin/../lib/gcc/arm-none-eabi/9.3.1/../../../../arm-none-eabi/lib/thumb/v6-m/nofp/libc_nano.a(lib_a-memchr-stub.o)
 .ARM.attributes
                0x00000000000007a4       0x2c /opt/st/stm32cubeide_1.8.0/plugins/com.st.stm32cube.ide.mcu.externaltools.gnu-tools-for-stm32.9-2020-q2-update.linux64_2.0.0.202105311346/tools/bin/../lib/gcc/arm-none-eabi/9.3.1/../../../../arm-none-eabi/lib/thumb/v6-m/nofp/libc_nano.a(lib_a-memmove.o)
 .ARM.attributes
                0x00000000000007d0       0x2c /opt/st/stm32cubeide_1.8.0/plugins/com.st.stm32cube.ide.mcu.externaltools.gnu-tools-for-stm32.9-2020-q2-update.linux64_2.0.0.202105311346/tools/bin/../lib/gcc/arm-none-eabi/9.3.1/../../../../arm-none-eabi/lib/thumb/v6-m/nofp/libc_nano.a(lib_a-nano-freer.o)
 .ARM.attributes
                0x00000000000007fc       0x2c /opt/st/stm32cubeide_1.8.0/plugins/com.st.stm32cube.ide.mcu.externaltools.gnu-tools-for-stm32.9-2020-q2-update.linux64_2.0.0.202105311346/tools/bin/../lib/gcc/arm-none-eabi/9.3.1/../../../../arm-none-eabi/lib/thumb/v6-m/nofp/libc_nano.a(lib_a-nano-mallocr.o)
 .ARM.attributes
                0x0000000000000828       0x2c /opt/st/stm32cubeide_1.8.0/plugins/com.st.stm32cube.ide.mcu.externaltools.gnu-tools-for-stm32.9-2020-q2-update.linux64_2.0.0.202105311346/tools/bin/../lib/gcc/arm-none-eabi/9.3.1/../../../../arm-none-eabi/lib/thumb/v6-m/nofp/libc_nano.a(lib_a-nano-reallocr.o)
 .ARM.attributes
                0x0000000000000854       0x2c /opt/st/stm32cubeide_1.8.0/plugins/com.st.stm32cube.ide.mcu.externaltools.gnu-tools-for-stm32.9-2020-q2-update.linux64_2.0.0.202105311346/tools/bin/../lib/gcc/arm-none-eabi/9.3.1/../../../../arm-none-eabi/lib/thumb/v6-m/nofp/libc_nano.a(lib_a-sbrkr.o)
 .ARM.attributes
                0x0000000000000880       0x2c /opt/st/stm32cubeide_1.8.0/plugins/com.st.stm32cube.ide.mcu.externaltools.gnu-tools-for-stm32.9-2020-q2-update.linux64_2.0.0.202105311346/tools/bin/../lib/gcc/arm-none-eabi/9.3.1/../../../../arm-none-eabi/lib/thumb/v6-m/nofp/libc_nano.a(lib_a-mlock.o)
 .ARM.attributes
                0x00000000000008ac       0x2c /opt/st/stm32cubeide_1.8.0/plugins/com.st.stm32cube.ide.mcu.externaltools.gnu-tools-for-stm32.9-2020-q2-update.linux64_2.0.0.202105311346/tools/bin/../lib/gcc/arm-none-eabi/9.3.1/../../../../arm-none-eabi/lib/thumb/v6-m/nofp/libc_nano.a(lib_a-nano-msizer.o)
 .ARM.attributes
                0x00000000000008d8       0x2c /opt/st/stm32cubeide_1.8.0/plugins/com.st.stm32cube.ide.mcu.externaltools.gnu-tools-for-stm32.9-2020-q2-update.linux64_2.0.0.202105311346/tools/bin/../lib/gcc/arm-none-eabi/9.3.1/../../../../arm-none-eabi/lib/thumb/v6-m/nofp/libc_nano.a(lib_a-reent.o)
 .ARM.attributes
                0x0000000000000904       0x2c /opt/st/stm32cubeide_1.8.0/plugins/com.st.stm32cube.ide.mcu.externaltools.gnu-tools-for-stm32.9-2020-q2-update.linux64_2.0.0.202105311346/tools/bin/../lib/gcc/arm-none-eabi/9.3.1/../../../../arm-none-eabi/lib/thumb/v6-m/nofp/libc_nano.a(lib_a-lock.o)
 .ARM.attributes
                0x0000000000000930       0x2c /opt/st/stm32cubeide_1.8.0/plugins/com.st.stm32cube.ide.mcu.externaltools.gnu-tools-for-stm32.9-2020-q2-update.linux64_2.0.0.202105311346/tools/bin/../lib/gcc/arm-none-eabi/9.3.1/../../../../arm-none-eabi/lib/thumb/v6-m/nofp/libm.a(lib_a-w_log.o)
 .ARM.attributes
                0x000000000000095c       0x2c /opt/st/stm32cubeide_1.8.0/plugins/com.st.stm32cube.ide.mcu.externaltools.gnu-tools-for-stm32.9-2020-q2-update.linux64_2.0.0.202105311346/tools/bin/../lib/gcc/arm-none-eabi/9.3.1/../../../../arm-none-eabi/lib/thumb/v6-m/nofp/libm.a(lib_a-e_log.o)
 .ARM.attributes
                0x0000000000000988       0x2c /opt/st/stm32cubeide_1.8.0/plugins/com.st.stm32cube.ide.mcu.externaltools.gnu-tools-for-stm32.9-2020-q2-update.linux64_2.0.0.202105311346/tools/bin/../lib/gcc/arm-none-eabi/9.3.1/../../../../arm-none-eabi/lib/thumb/v6-m/nofp/libm.a(lib_a-s_lib_ver.o)
 .ARM.attributes
                0x00000000000009b4       0x2c /opt/st/stm32cubeide_1.8.0/plugins/com.st.stm32cube.ide.mcu.externaltools.gnu-tools-for-stm32.9-2020-q2-update.linux64_2.0.0.202105311346/tools/bin/../lib/gcc/arm-none-eabi/9.3.1/../../../../arm-none-eabi/lib/thumb/v6-m/nofp/libm.a(lib_a-s_nan.o)
 .ARM.attributes