main.c:130:5:main	96	static
main.c:285:6:SystemClock_Config	88	static
main.c:332:13:MX_ADC1_Init	24	static
main.c:390:13:MX_I2C1_Init	8	static
main.c:438:13:MX_RTC_Init	32	static
main.c:504:13:MX_TIM1_Init	40	static
main.c:551:13:MX_USART2_UART_Init	8	static
main.c:599:13:MX_GPIO_Init	48	static
main.c:666:6:HAL_TIM_PeriodElapsedCallback	16	static
main.c:672:6:HAL_GPIO_EXTI_Falling_Callback	24	static
main.c:702:6:HAL_GPIO_EXTI_Rising_Callback	24	static
main.c:720:6:encoderAction	16	static
main.c:754:6:twoIntsToArray	32	static
main.c:776:6:oneIntToArray	16	static
main.c:791:6:Error_Handler	8	static,ignoring_inline_asm
