main.c:91:5:main	96	static
main.c:197:6:SystemClock_Config	88	static
main.c:237:13:MX_ADC1_Init	24	static
main.c:292:13:MX_I2C1_Init	8	static
main.c:337:13:MX_RTC_Init	32	static
main.c:399:13:MX_TIM1_Init	40	static
main.c:443:13:MX_USART2_UART_Init	8	static
main.c:488:13:MX_GPIO_Init	48	static
main.c:556:6:HAL_TIM_PeriodElapsedCallback	16	static
main.c:562:6:HAL_GPIO_EXTI_Falling_Callback	24	static
main.c:592:6:HAL_GPIO_EXTI_Rising_Callback	24	static
main.c:610:6:encoderAction	16	static
main.c:645:6:Error_Handler	8	static,ignoring_inline_asm
