../Src/stm32g0xx_it.c:72:6:NMI_Handler	8	static
../Src/stm32g0xx_it.c:87:6:HardFault_Handler	8	static
../Src/stm32g0xx_it.c:102:6:SVC_Handler	8	static
../Src/stm32g0xx_it.c:115:6:PendSV_Handler	8	static
../Src/stm32g0xx_it.c:128:6:SysTick_Handler	8	static
../Src/stm32g0xx_it.c:149:6:RTC_TAMP_IRQHandler	8	static
../Src/stm32g0xx_it.c:163:6:EXTI0_1_IRQHandler	8	static
../Src/stm32g0xx_it.c:177:6:EXTI2_3_IRQHandler	8	static
../Src/stm32g0xx_it.c:191:6:EXTI4_15_IRQHandler	8	static
../Src/stm32g0xx_it.c:208:6:TIM1_BRK_UP_TRG_COM_IRQHandler	8	static
../Src/stm32g0xx_it.c:222:6:TIM1_CC_IRQHandler	8	static
../Src/stm32g0xx_it.c:236:6:TIM2_IRQHandler	8	static
../Src/stm32g0xx_it.c:250:6:TIM3_IRQHandler	8	static
